Component: ARM Compiler 5.06 update 7 (build 960) Tool: armlink [4d3601]

==============================================================================

Section Cross References

    main.o(i.main) refers to system.o(i.systemInit) for systemInit
    main.o(i.main) refers to tasks.o(i.xTaskCreate) for xTaskCreate
    main.o(i.main) refers to tasks.o(i.vTaskStartScheduler) for vTaskStartScheduler
    main.o(i.main) refers to main.o(.data) for .data
    main.o(i.main) refers to main.o(i.start_task) for start_task
    main.o(i.start_task) refers to port.o(i.vPortEnterCritical) for vPortEnterCritical
    main.o(i.start_task) refers to tasks.o(i.xTaskCreate) for xTaskCreate
    main.o(i.start_task) refers to tasks.o(i.vTaskDelete) for vTaskDelete
    main.o(i.start_task) refers to port.o(i.vPortExitCritical) for vPortExitCritical
    main.o(i.start_task) refers to led.o(i.led_task) for led_task
    main.o(i.start_task) refers to buzzer.o(i.buzz_task) for buzz_task
    main.o(i.start_task) refers to show.o(i.show_task) for show_task
    main.o(i.start_task) refers to main.o(.data) for .data
    system_stm32f4xx.o(i.SystemCoreClockUpdate) refers to system_stm32f4xx.o(.data) for .data
    system_stm32f4xx.o(i.SystemInit) refers to system_stm32f4xx.o(i.SetSysClock) for SetSysClock
    startup_stm32f40_41xxx.o(STACK) refers (Special) to heapauxi.o(.text) for __use_two_region_memory
    startup_stm32f40_41xxx.o(HEAP) refers (Special) to heapauxi.o(.text) for __use_two_region_memory
    startup_stm32f40_41xxx.o(RESET) refers (Special) to heapauxi.o(.text) for __use_two_region_memory
    startup_stm32f40_41xxx.o(RESET) refers to startup_stm32f40_41xxx.o(STACK) for __initial_sp
    startup_stm32f40_41xxx.o(RESET) refers to startup_stm32f40_41xxx.o(.text) for Reset_Handler
    startup_stm32f40_41xxx.o(RESET) refers to stm32f4xx_it.o(i.NMI_Handler) for NMI_Handler
    startup_stm32f40_41xxx.o(RESET) refers to stm32f4xx_it.o(i.HardFault_Handler) for HardFault_Handler
    startup_stm32f40_41xxx.o(RESET) refers to stm32f4xx_it.o(i.MemManage_Handler) for MemManage_Handler
    startup_stm32f40_41xxx.o(RESET) refers to stm32f4xx_it.o(i.BusFault_Handler) for BusFault_Handler
    startup_stm32f40_41xxx.o(RESET) refers to stm32f4xx_it.o(i.UsageFault_Handler) for UsageFault_Handler
    startup_stm32f40_41xxx.o(RESET) refers to port.o(.emb_text) for SVC_Handler
    startup_stm32f40_41xxx.o(RESET) refers to stm32f4xx_it.o(i.DebugMon_Handler) for DebugMon_Handler
    startup_stm32f40_41xxx.o(RESET) refers to delay.o(i.SysTick_Handler) for SysTick_Handler
    startup_stm32f40_41xxx.o(.text) refers (Special) to heapauxi.o(.text) for __use_two_region_memory
    startup_stm32f40_41xxx.o(.text) refers to system_stm32f4xx.o(i.SystemInit) for SystemInit
    startup_stm32f40_41xxx.o(.text) refers to __main.o(!!!main) for __main
    startup_stm32f40_41xxx.o(.text) refers to startup_stm32f40_41xxx.o(HEAP) for Heap_Mem
    startup_stm32f40_41xxx.o(.text) refers to startup_stm32f40_41xxx.o(STACK) for Stack_Mem
    stm32f4xx_gpio.o(i.GPIO_DeInit) refers to stm32f4xx_rcc.o(i.RCC_AHB1PeriphResetCmd) for RCC_AHB1PeriphResetCmd
    stm32f4xx_i2c.o(i.I2C_DeInit) refers to stm32f4xx_rcc.o(i.RCC_APB1PeriphResetCmd) for RCC_APB1PeriphResetCmd
    stm32f4xx_i2c.o(i.I2C_Init) refers to stm32f4xx_rcc.o(i.RCC_GetClocksFreq) for RCC_GetClocksFreq
    stm32f4xx_pwr.o(i.PWR_DeInit) refers to stm32f4xx_rcc.o(i.RCC_APB1PeriphResetCmd) for RCC_APB1PeriphResetCmd
    stm32f4xx_rcc.o(i.RCC_GetClocksFreq) refers to stm32f4xx_rcc.o(.data) for .data
    stm32f4xx_rcc.o(i.RCC_WaitForHSEStartUp) refers to stm32f4xx_rcc.o(i.RCC_GetFlagStatus) for RCC_GetFlagStatus
    stm32f4xx_syscfg.o(i.SYSCFG_DeInit) refers to stm32f4xx_rcc.o(i.RCC_APB2PeriphResetCmd) for RCC_APB2PeriphResetCmd
    stm32f4xx_tim.o(i.TIM_DeInit) refers to stm32f4xx_rcc.o(i.RCC_APB2PeriphResetCmd) for RCC_APB2PeriphResetCmd
    stm32f4xx_tim.o(i.TIM_DeInit) refers to stm32f4xx_rcc.o(i.RCC_APB1PeriphResetCmd) for RCC_APB1PeriphResetCmd
    stm32f4xx_tim.o(i.TIM_ETRClockMode1Config) refers to stm32f4xx_tim.o(i.TIM_ETRConfig) for TIM_ETRConfig
    stm32f4xx_tim.o(i.TIM_ETRClockMode2Config) refers to stm32f4xx_tim.o(i.TIM_ETRConfig) for TIM_ETRConfig
    stm32f4xx_tim.o(i.TIM_ICInit) refers to stm32f4xx_tim.o(i.TIM_SetIC4Prescaler) for TIM_SetIC4Prescaler
    stm32f4xx_tim.o(i.TIM_ICInit) refers to stm32f4xx_tim.o(i.TI1_Config) for TI1_Config
    stm32f4xx_tim.o(i.TIM_ICInit) refers to stm32f4xx_tim.o(i.TIM_SetIC1Prescaler) for TIM_SetIC1Prescaler
    stm32f4xx_tim.o(i.TIM_ICInit) refers to stm32f4xx_tim.o(i.TI2_Config) for TI2_Config
    stm32f4xx_tim.o(i.TIM_ICInit) refers to stm32f4xx_tim.o(i.TIM_SetIC2Prescaler) for TIM_SetIC2Prescaler
    stm32f4xx_tim.o(i.TIM_ICInit) refers to stm32f4xx_tim.o(i.TIM_SetIC3Prescaler) for TIM_SetIC3Prescaler
    stm32f4xx_tim.o(i.TIM_ITRxExternalClockConfig) refers to stm32f4xx_tim.o(i.TIM_SelectInputTrigger) for TIM_SelectInputTrigger
[...]
    ../clib/signal.c                         0x00000000   Number         0  defsig_segv_inner.o ABSOLUTE
    ../clib/signal.c                         0x00000000   Number         0  defsig_fpe_inner.o ABSOLUTE
    ../clib/signal.c                         0x00000000   Number         0  defsig_cppl_inner.o ABSOLUTE
    ../clib/signal.c                         0x00000000   Number         0  defsig_pvfn_inner.o ABSOLUTE
    ../clib/signal.c                         0x00000000   Number         0  defsig_stak_inner.o ABSOLUTE
    ../clib/signal.c                         0x00000000   Number         0  defsig_rtred_inner.o ABSOLUTE
    ../clib/signal.c                         0x00000000   Number         0  defsig_rtmem_outer.o ABSOLUTE
    ../clib/signal.c                         0x00000000   Number         0  defsig_abrt_inner.o ABSOLUTE
    ../clib/signal.c                         0x00000000   Number         0  defsig_general.o ABSOLUTE
    ../clib/signal.c                         0x00000000   Number         0  __raise.o ABSOLUTE
    ../clib/signal.c                         0x00000000   Number         0  defsig_rtmem_inner.o ABSOLUTE
    ../clib/signal.c                         0x00000000   Number         0  defsig_exit.o ABSOLUTE
    ../clib/signal.c                         0x00000000   Number         0  defsig_rtmem_formal.o ABSOLUTE
    ../clib/signal.s                         0x00000000   Number         0  defsig.o ABSOLUTE
    ../clib/stdlib.c                         0x00000000   Number         0  exit.o ABSOLUTE
    ../clib/string.c                         0x00000000   Number         0  strlen.o ABSOLUTE
    ../clib/string.c                         0x00000000   Number         0  strcpy.o ABSOLUTE
    ../fplib/fpinit.s                        0x00000000   Number         0  fpinit.o ABSOLUTE
    LibraryFiles\CORE\startup_stm32f40_41xxx.s 0x00000000   Number         0  startup_stm32f40_41xxx.o ABSOLUTE
    LibraryFiles\CORE\stm32f4xx_it.c         0x00000000   Number         0  stm32f4xx_it.o ABSOLUTE
    LibraryFiles\CORE\system_stm32f4xx.c     0x00000000   Number         0  system_stm32f4xx.o ABSOLUTE
    LibraryFiles\FreeRTOS_CORE\croutine.c    0x00000000   Number         0  croutine.o ABSOLUTE
    LibraryFiles\FreeRTOS_CORE\event_groups.c 0x00000000   Number         0  event_groups.o ABSOLUTE
    LibraryFiles\FreeRTOS_CORE\list.c        0x00000000   Number         0  list.o ABSOLUTE
    LibraryFiles\FreeRTOS_CORE\queue.c       0x00000000   Number         0  queue.o ABSOLUTE
    LibraryFiles\FreeRTOS_CORE\stream_buffer.c 0x00000000   Number         0  stream_buffer.o ABSOLUTE
    LibraryFiles\FreeRTOS_CORE\tasks.c       0x00000000   Number         0  tasks.o ABSOLUTE
    LibraryFiles\FreeRTOS_CORE\timers.c      0x00000000   Number         0  timers.o ABSOLUTE
    LibraryFiles\FreeRTOS_PORTABLE\heap_4.c  0x00000000   Number         0  heap_4.o ABSOLUTE
    LibraryFiles\FreeRTOS_PORTABLE\port.c    0x00000000   Number         0  port.o ABSOLUTE
    LibraryFiles\Hardware\led.c              0x00000000   Number         0  led.o ABSOLUTE
    LibraryFiles\Hardware\oled.c             0x00000000   Number         0  oled.o ABSOLUTE
    LibraryFiles\Hardware\show.c             0x00000000   Number         0  show.o ABSOLUTE
    LibraryFiles\STM32F4xx_Driver\src\misc.c 0x00000000   Number         0  misc.o ABSOLUTE
    LibraryFiles\STM32F4xx_Driver\src\stm32f4xx_gpio.c 0x00000000   Number         0  stm32f4xx_gpio.o ABSOLUTE
    LibraryFiles\STM32F4xx_Driver\src\stm32f4xx_i2c.c 0x00000000   Number         0  stm32f4xx_i2c.o ABSOLUTE
    LibraryFiles\STM32F4xx_Driver\src\stm32f4xx_pwr.c 0x00000000   Number         0  stm32f4xx_pwr.o ABSOLUTE
    LibraryFiles\STM32F4xx_Driver\src\stm32f4xx_rcc.c 0x00000000   Number         0  stm32f4xx_rcc.o ABSOLUTE
    LibraryFiles\STM32F4xx_Driver\src\stm32f4xx_syscfg.c 0x00000000   Number         0  stm32f4xx_syscfg.o ABSOLUTE
    LibraryFiles\STM32F4xx_Driver\src\stm32f4xx_tim.c 0x00000000   Number         0  stm32f4xx_tim.o ABSOLUTE
    LibraryFiles\STM32F4xx_Driver\src\stm32f4xx_usart.c 0x00000000   Number         0  stm32f4xx_usart.o ABSOLUTE
    LibraryFiles\SYSTEM\delay\delay.c        0x00000000   Number         0  delay.o ABSOLUTE
    LibraryFiles\SYSTEM\sys\sys.c            0x00000000   Number         0  sys.o ABSOLUTE
    LibraryFiles\SYSTEM\sys\system.c         0x00000000   Number         0  system.o ABSOLUTE
    LibraryFiles\\CORE\\stm32f4xx_it.c       0x00000000   Number         0  stm32f4xx_it.o ABSOLUTE
    LibraryFiles\\CORE\\system_stm32f4xx.c   0x00000000   Number         0  system_stm32f4xx.o ABSOLUTE
    LibraryFiles\\FreeRTOS_CORE\\croutine.c  0x00000000   Number         0  croutine.o ABSOLUTE
    LibraryFiles\\FreeRTOS_CORE\\event_groups.c 0x00000000   Number         0  event_groups.o ABSOLUTE
    LibraryFiles\\FreeRTOS_CORE\\list.c      0x00000000   Number         0  list.o ABSOLUTE
    LibraryFiles\\FreeRTOS_CORE\\queue.c     0x00000000   Number         0  queue.o ABSOLUTE
    LibraryFiles\\FreeRTOS_CORE\\stream_buffer.c 0x00000000   Number         0  stream_buffer.o ABSOLUTE
    LibraryFiles\\FreeRTOS_CORE\\tasks.c     0x00000000   Number         0  tasks.o ABSOLUTE
    LibraryFiles\\FreeRTOS_CORE\\timers.c    0x00000000   Number         0  timers.o ABSOLUTE
    LibraryFiles\\FreeRTOS_PORTABLE\\heap_4.c 0x00000000   Number         0  heap_4.o ABSOLUTE
    LibraryFiles\\FreeRTOS_PORTABLE\\port.c  0x00000000   Number         0  port.o ABSOLUTE
    LibraryFiles\\Hardware\\led.c            0x00000000   Number         0  led.o ABSOLUTE
    LibraryFiles\\Hardware\\oled.c           0x00000000   Number         0  oled.o ABSOLUTE
    LibraryFiles\\Hardware\\show.c           0x00000000   Number         0  show.o ABSOLUTE
    LibraryFiles\\STM32F4xx_Driver\\src\\misc.c 0x00000000   Number         0  misc.o ABSOLUTE
    LibraryFiles\\STM32F4xx_Driver\\src\\stm32f4xx_gpio.c 0x00000000   Number         0  stm32f4xx_gpio.o ABSOLUTE
    LibraryFiles\\STM32F4xx_Driver\\src\\stm32f4xx_i2c.c 0x00000000   Number         0  stm32f4xx_i2c.o ABSOLUTE
    LibraryFiles\\STM32F4xx_Driver\\src\\stm32f4xx_pwr.c 0x00000000   Number         0  stm32f4xx_pwr.o ABSOLUTE
    LibraryFiles\\STM32F4xx_Driver\\src\\stm32f4xx_rcc.c 0x00000000   Number         0  stm32f4xx_rcc.o ABSOLUTE
    LibraryFiles\\STM32F4xx_Driver\\src\\stm32f4xx_syscfg.c 0x00000000   Number         0  stm32f4xx_syscfg.o ABSOLUTE
    LibraryFiles\\STM32F4xx_Driver\\src\\stm32f4xx_tim.c 0x00000000   Number         0  stm32f4xx_tim.o ABSOLUTE
    LibraryFiles\\STM32F4xx_Driver\\src\\stm32f4xx_usart.c 0x00000000   Number         0  stm32f4xx_usart.o ABSOLUTE
    LibraryFiles\\SYSTEM\\delay\\delay.c     0x00000000   Number         0  delay.o ABSOLUTE
    LibraryFiles\\SYSTEM\\sys\\sys.c         0x00000000   Number         0  sys.o ABSOLUTE
    LibraryFiles\\SYSTEM\\sys\\system.c      0x00000000   Number         0  system.o ABSOLUTE
    buzzer.c                                 0x00000000   Number         0  buzzer.o ABSOLUTE
    buzzer.c                                 0x00000000   Number         0  buzzer.o ABSOLUTE
    dc.s                                     0x00000000   Number         0  dc.o ABSOLUTE
    main.c                                   0x00000000   Number         0  main.o ABSOLUTE
    main.c                                   0x00000000   Number         0  main.o ABSOLUTE
    RESET                                    0x08000000   Section      392  startup_stm32f40_41xxx.o(RESET)
    !!!main                                  0x08000188   Section        8  __main.o(!!!main)
    !!!scatter                               0x08000190   Section       52  __scatter.o(!!!scatter)
    !!handler_copy                           0x080001c4   Section       26  __scatter_copy.o(!!handler_copy)
    !!handler_zi                             0x080001e0   Section       28  __scatter_zi.o(!!handler_zi)
    .ARM.Collect$$_printf_percent$$00000000  0x080001fc   Section        0  _printf_percent.o(.ARM.Collect$$_printf_percent$$00000000)
    .ARM.Collect$$_printf_percent$$00000009  0x080001fc   Section        6  _printf_d.o(.ARM.Collect$$_printf_percent$$00000009)
    .ARM.Collect$$_printf_percent$$00000017  0x08000202   Section        4  _printf_percent_end.o(.ARM.Collect$$_printf_percent$$00000017)
    .ARM.Collect$$libinit$$00000000          0x08000206   Section        2  libinit.o(.ARM.Collect$$libinit$$00000000)
    .ARM.Collect$$libinit$$00000001          0x08000208   Section        4  libinit2.o(.ARM.Collect$$libinit$$00000001)
    .ARM.Collect$$libinit$$00000004          0x0800020c   Section        0  libinit2.o(.ARM.Collect$$libinit$$00000004)
    .ARM.Collect$$libinit$$0000000A          0x0800020c   Section        0  libinit2.o(.ARM.Collect$$libinit$$0000000A)
    .ARM.Collect$$libinit$$0000000C          0x0800020c   Section        0  libinit2.o(.ARM.Collect$$libinit$$0000000C)
    .ARM.Collect$$libinit$$0000000E          0x0800020c   Section        0  libinit2.o(.ARM.Collect$$libinit$$0000000E)
    .ARM.Collect$$libinit$$00000011          0x0800020c   Section        0  libinit2.o(.ARM.Collect$$libinit$$00000011)
    .ARM.Collect$$libinit$$00000013          0x0800020c   Section        0  libinit2.o(.ARM.Collect$$libinit$$00000013)
    .ARM.Collect$$libinit$$00000015          0x0800020c   Section        0  libinit2.o(.ARM.Collect$$libinit$$00000015)
    .ARM.Collect$$libinit$$00000017          0x0800020c   Section        0  libinit2.o(.ARM.Collect$$libinit$$00000017)
    .ARM.Collect$$libinit$$00000019          0x0800020c   Section        0  libinit2.o(.ARM.Collect$$libinit$$00000019)
    .ARM.Collect$$libinit$$0000001B          0x0800020c   Section        0  libinit2.o(.ARM.Collect$$libinit$$0000001B)
    .ARM.Collect$$libinit$$0000001D          0x0800020c   Section        0  libinit2.o(.ARM.Collect$$libinit$$0000001D)
    .ARM.Collect$$libinit$$0000001F          0x0800020c   Section        0  libinit2.o(.ARM.Collect$$libinit$$0000001F)
    .ARM.Collect$$libinit$$00000021          0x0800020c   Section        0  libinit2.o(.ARM.Collect$$libinit$$00000021)
    .ARM.Collect$$libinit$$00000023          0x0800020c   Section        0  libinit2.o(.ARM.Collect$$libinit$$00000023)
    .ARM.Collect$$libinit$$00000025          0x0800020c   Section        0  libinit2.o(.ARM.Collect$$libinit$$00000025)
    .ARM.Collect$$libinit$$0000002C          0x0800020c   Section        0  libinit2.o(.ARM.Collect$$libinit$$0000002C)
    .ARM.Collect$$libinit$$0000002E          0x0800020c   Section        0  libinit2.o(.ARM.Collect$$libinit$$0000002E)
    .ARM.Collect$$libinit$$00000030          0x0800020c   Section        0  libinit2.o(.ARM.Collect$$libinit$$00000030)
    .ARM.Collect$$libinit$$00000032          0x0800020c   Section        0  libinit2.o(.ARM.Collect$$libinit$$00000032)
    .ARM.Collect$$libinit$$00000033          0x0800020c   Section        2  libinit2.o(.ARM.Collect$$libinit$$00000033)
    .ARM.Collect$$libshutdown$$00000000      0x0800020e   Section        2  libshutdown.o(.ARM.Collect$$libshutdown$$00000000)
    .ARM.Collect$$libshutdown$$00000002      0x08000210   Section        0  libshutdown2.o(.ARM.Collect$$libshutdown$$00000002)
    .ARM.Collect$$libshutdown$$00000004      0x08000210   Section        0  libshutdown2.o(.ARM.Collect$$libshutdown$$00000004)
    .ARM.Collect$$libshutdown$$00000006      0x08000210   Section        0  libshutdown2.o(.ARM.Collect$$libshutdown$$00000006)
    .ARM.Collect$$libshutdown$$00000009      0x08000210   Section        0  libshutdown2.o(.ARM.Collect$$libshutdown$$00000009)
    .ARM.Collect$$libshutdown$$0000000C      0x08000210   Section        0  libshutdown2.o(.ARM.Collect$$libshutdown$$0000000C)
    .ARM.Collect$$libshutdown$$0000000E      0x08000210   Section        0  libshutdown2.o(.ARM.Collect$$libshutdown$$0000000E)
    .ARM.Collect$$libshutdown$$00000011      0x08000210   Section        0  libshutdown2.o(.ARM.Collect$$libshutdown$$00000011)
    .ARM.Collect$$libshutdown$$00000012      0x08000210   Section        2  libshutdown2.o(.ARM.Collect$$libshutdown$$00000012)
    .ARM.Collect$$rtentry$$00000000          0x08000212   Section        0  __rtentry.o(.ARM.Collect$$rtentry$$00000000)
    .ARM.Collect$$rtentry$$00000002          0x08000212   Section        0  __rtentry2.o(.ARM.Collect$$rtentry$$00000002)
    .ARM.Collect$$rtentry$$00000004          0x08000212   Section        6  __rtentry4.o(.ARM.Collect$$rtentry$$00000004)
    .ARM.Collect$$rtentry$$00000009          0x08000218   Section        0  __rtentry2.o(.ARM.Collect$$rtentry$$00000009)
    .ARM.Collect$$rtentry$$0000000A          0x08000218   Section        4  __rtentry2.o(.ARM.Collect$$rtentry$$0000000A)
    .ARM.Collect$$rtentry$$0000000C          0x0800021c   Section        0  __rtentry2.o(.ARM.Collect$$rtentry$$0000000C)
    .ARM.Collect$$rtentry$$0000000D          0x0800021c   Section        8  __rtentry2.o(.ARM.Collect$$rtentry$$0000000D)
    .ARM.Collect$$rtexit$$00000000           0x08000224   Section        2  rtexit.o(.ARM.Collect$$rtexit$$00000000)
    .ARM.Collect$$rtexit$$00000002           0x08000226   Section        0  rtexit2.o(.ARM.Collect$$rtexit$$00000002)
    .ARM.Collect$$rtexit$$00000003           0x08000226   Section        4  rtexit2.o(.ARM.Collect$$rtexit$$00000003)
    .ARM.Collect$$rtexit$$00000004           0x0800022a   Section        6  rtexit2.o(.ARM.Collect$$rtexit$$00000004)
    .emb_text                                0x08000230   Section      190  port.o(.emb_text)
    $v0                                      0x08000230   Number         0  port.o(.emb_text)
    .text                                    0x080002f0   Section       64  startup_stm32f40_41xxx.o(.text)
    $v0                                      0x080002f0   Number         0  startup_stm32f40_41xxx.o(.text)
    .text                                    0x08000330   Section        0  noretval__2sprintf.o(.text)
    .text                                    0x08000358   Section        0  _printf_pad.o(.text)
    .text                                    0x080003a8   Section        0  _printf_dec.o(.text)
    .text                                    0x08000420   Section        0  __printf_flags_wp.o(.text)
    .text                                    0x08000558   Section      138  rt_memcpy_v6.o(.text)
    .text                                    0x080005e2   Section       16  aeabi_memset.o(.text)
    .text                                    0x080005f2   Section       68  rt_memclr.o(.text)
    .text                                    0x08000636   Section       78  rt_memclr_w.o(.text)
    .text                                    0x08000684   Section        0  heapauxi.o(.text)
    .text                                    0x0800068a   Section        0  _printf_intcommon.o(.text)
    .text                                    0x0800073c   Section        0  _printf_char_common.o(.text)
    _printf_input_char                       0x0800073d   Thumb Code    10  _printf_char_common.o(.text)
    .text                                    0x0800076c   Section        0  _sputc.o(.text)
    .text                                    0x08000776   Section      100  rt_memcpy_w.o(.text)
    .text                                    0x080007da   Section       74  sys_stackheap_outer.o(.text)
    .text                                    0x08000824   Section        0  exit.o(.text)
    .text                                    0x08000838   Section        8  libspace.o(.text)
    .text                                    0x08000840   Section        0  sys_exit.o(.text)
    .text                                    0x0800084c   Section        2  use_no_semi.o(.text)
    .text                                    0x0800084e   Section        0  indicate_semi.o(.text)
    i.BUZZ_Init                              0x08000850   Section        0  buzzer.o(i.BUZZ_Init)
    i.BusFault_Handler                       0x0800088c   Section        0  stm32f4xx_it.o(i.BusFault_Handler)
    i.DebugMon_Handler                       0x0800088e   Section        0  stm32f4xx_it.o(i.DebugMon_Handler)
    i.GPIO_Init                              0x08000890   Section        0  stm32f4xx_gpio.o(i.GPIO_Init)
    i.GPIO_SetBits                           0x08000908   Section        0  stm32f4xx_gpio.o(i.GPIO_SetBits)
    i.HardFault_Handler                      0x0800090c   Section        0  stm32f4xx_it.o(i.HardFault_Handler)
    i.LED_Init                               0x08000910   Section        0  led.o(i.LED_Init)
    i.MemManage_Handler                      0x08000950   Section        0  stm32f4xx_it.o(i.MemManage_Handler)
    i.NMI_Handler                            0x08000952   Section        0  stm32f4xx_it.o(i.NMI_Handler)
    i.NVIC_PriorityGroupConfig               0x08000954   Section        0  misc.o(i.NVIC_PriorityGroupConfig)
    i.OLED_Clear                             0x08000968   Section        0  oled.o(i.OLED_Clear)
    i.OLED_DrawPoint                         0x08000994   Section        0  oled.o(i.OLED_DrawPoint)
    i.OLED_Init                              0x080009d0   Section        0  oled.o(i.OLED_Init)
    i.OLED_Refresh_Gram                      0x08000b00   Section        0  oled.o(i.OLED_Refresh_Gram)
    i.OLED_ShowChar                          0x08000b48   Section        0  oled.o(i.OLED_ShowChar)
    i.OLED_ShowString                        0x08000bcc   Section        0  oled.o(i.OLED_ShowString)
    i.OLED_WR_Byte                           0x08000c0c   Section        0  oled.o(i.OLED_WR_Byte)
    i.PWR_BackupAccessCmd                    0x08000c50   Section        0  stm32f4xx_pwr.o(i.PWR_BackupAccessCmd)
    i.RCC_AHB1PeriphClockCmd                 0x08000c5c   Section        0  stm32f4xx_rcc.o(i.RCC_AHB1PeriphClockCmd)
    i.RCC_APB1PeriphClockCmd                 0x08000c74   Section        0  stm32f4xx_rcc.o(i.RCC_APB1PeriphClockCmd)
    i.RCC_LSEConfig                          0x08000c8c   Section        0  stm32f4xx_rcc.o(i.RCC_LSEConfig)
    i.SetSysClock                            0x08000ca8   Section        0  system_stm32f4xx.o(i.SetSysClock)
    SetSysClock                              0x08000ca9   Thumb Code   162  system_stm32f4xx.o(i.SetSysClock)
    i.SysTick_CLKSourceConfig                0x08000d5c   Section        0  misc.o(i.SysTick_CLKSourceConfig)
    i.SysTick_Handler                        0x08000d74   Section        0  delay.o(i.SysTick_Handler)
    i.SystemInit                             0x08000d88   Section        0  system_stm32f4xx.o(i.SystemInit)
    i.UsageFault_Handler                     0x08000de4   Section        0  stm32f4xx_it.o(i.UsageFault_Handler)
    i._is_digit                              0x08000de6   Section        0  __printf_wp.o(i._is_digit)
    i.buzz_task                              0x08000df4   Section        0  buzzer.o(i.buzz_task)
    i.delay_init                             0x08000e10   Section        0  delay.o(i.delay_init)
    i.delay_ms                               0x08000e48   Section        0  delay.o(i.delay_ms)
    i.delay_us                               0x08000e80   Section        0  delay.o(i.delay_us)
    i.getSysTickCnt                          0x08000eb4   Section        0  delay.o(i.getSysTickCnt)
    i.led_task                               0x08000ed0   Section        0  led.o(i.led_task)
    i.main                                   0x08000eec   Section        0  main.o(i.main)
    i.oled_show                              0x08000f24   Section        0  show.o(i.oled_show)
    i.prvAddCurrentTaskToDelayedList         0x08000f84   Section        0  tasks.o(i.prvAddCurrentTaskToDelayedList)
    prvAddCurrentTaskToDelayedList           0x08000f85   Thumb Code   128  tasks.o(i.prvAddCurrentTaskToDelayedList)
    i.prvAddNewTaskToReadyList               0x0800100c   Section        0  tasks.o(i.prvAddNewTaskToReadyList)
    prvAddNewTaskToReadyList                 0x0800100d   Thumb Code   224  tasks.o(i.prvAddNewTaskToReadyList)
    i.prvCheckForValidListAndQueue           0x080010fc   Section        0  timers.o(i.prvCheckForValidListAndQueue)
    prvCheckForValidListAndQueue             0x080010fd   Thumb Code    62  timers.o(i.prvCheckForValidListAndQueue)
    i.prvCopyDataFromQueue                   0x0800114c   Section        0  queue.o(i.prvCopyDataFromQueue)
    prvCopyDataFromQueue                     0x0800114d   Thumb Code    38  queue.o(i.prvCopyDataFromQueue)
    i.prvCopyDataToQueue                     0x08001172   Section        0  queue.o(i.prvCopyDataToQueue)
    prvCopyDataToQueue                       0x08001173   Thumb Code   108  queue.o(i.prvCopyDataToQueue)
    i.prvDeleteTCB                           0x080011de   Section        0  tasks.o(i.prvDeleteTCB)
    prvDeleteTCB                             0x080011df   Thumb Code    20  tasks.o(i.prvDeleteTCB)
    i.prvHeapInit                            0x080011f4   Section        0  heap_4.o(i.prvHeapInit)
    prvHeapInit                              0x080011f5   Thumb Code    60  heap_4.o(i.prvHeapInit)
    i.prvIdleTask                            0x08001238   Section        0  tasks.o(i.prvIdleTask)
    prvIdleTask                              0x08001239   Thumb Code    80  tasks.o(i.prvIdleTask)
    i.prvInitialiseNewTask                   0x08001294   Section        0  tasks.o(i.prvInitialiseNewTask)
    prvInitialiseNewTask                     0x08001295   Thumb Code   132  tasks.o(i.prvInitialiseNewTask)
    i.prvInsertBlockIntoFreeList             0x08001318   Section        0  heap_4.o(i.prvInsertBlockIntoFreeList)
    prvInsertBlockIntoFreeList               0x08001319   Thumb Code    72  heap_4.o(i.prvInsertBlockIntoFreeList)
    i.prvInsertTimerInActiveList             0x08001364   Section        0  timers.o(i.prvInsertTimerInActiveList)
    prvInsertTimerInActiveList               0x08001365   Thumb Code    52  timers.o(i.prvInsertTimerInActiveList)
    i.prvIsQueueEmpty                        0x0800139c   Section        0  queue.o(i.prvIsQueueEmpty)
    prvIsQueueEmpty                          0x0800139d   Thumb Code    26  queue.o(i.prvIsQueueEmpty)
    i.prvNotifyQueueSetContainer             0x080013b6   Section        0  queue.o(i.prvNotifyQueueSetContainer)
    prvNotifyQueueSetContainer               0x080013b7   Thumb Code    78  queue.o(i.prvNotifyQueueSetContainer)
    i.prvProcessExpiredTimer                 0x08001404   Section        0  timers.o(i.prvProcessExpiredTimer)
    prvProcessExpiredTimer                   0x08001405   Thumb Code    58  timers.o(i.prvProcessExpiredTimer)
    i.prvProcessReceivedCommands             0x08001444   Section        0  timers.o(i.prvProcessReceivedCommands)
    prvProcessReceivedCommands               0x08001445   Thumb Code   222  timers.o(i.prvProcessReceivedCommands)
    i.prvProcessTimerOrBlockTask             0x08001528   Section        0  timers.o(i.prvProcessTimerOrBlockTask)
    prvProcessTimerOrBlockTask               0x08001529   Thumb Code    98  timers.o(i.prvProcessTimerOrBlockTask)
    i.prvReloadTimer                         0x08001594   Section        0  timers.o(i.prvReloadTimer)
    prvReloadTimer                           0x08001595   Thumb Code    40  timers.o(i.prvReloadTimer)
    i.prvResetNextTaskUnblockTime            0x080015bc   Section        0  tasks.o(i.prvResetNextTaskUnblockTime)
    prvResetNextTaskUnblockTime              0x080015bd   Thumb Code    24  tasks.o(i.prvResetNextTaskUnblockTime)
    i.prvSampleTimeNow                       0x080015d8   Section        0  timers.o(i.prvSampleTimeNow)
    prvSampleTimeNow                         0x080015d9   Thumb Code    66  timers.o(i.prvSampleTimeNow)
    i.prvTaskExitError                       0x08001620   Section        0  port.o(i.prvTaskExitError)
    prvTaskExitError                         0x08001621   Thumb Code    16  port.o(i.prvTaskExitError)
    i.prvTimerTask                           0x08001630   Section        0  timers.o(i.prvTimerTask)
    prvTimerTask                             0x08001631   Thumb Code    34  timers.o(i.prvTimerTask)
    i.prvUnlockQueue                         0x08001658   Section        0  queue.o(i.prvUnlockQueue)
    prvUnlockQueue                           0x08001659   Thumb Code   118  queue.o(i.prvUnlockQueue)
    i.pvPortMalloc                           0x080016d0   Section        0  heap_4.o(i.pvPortMalloc)
    i.pxPortInitialiseStack                  0x08001768   Section        0  port.o(i.pxPortInitialiseStack)
    i.show_task                              0x08001794   Section        0  show.o(i.show_task)
    i.start_task                             0x080017a8   Section        0  main.o(i.start_task)
    i.systemInit                             0x08001828   Section        0  system.o(i.systemInit)
    i.uxListRemove                           0x08001848   Section        0  list.o(i.uxListRemove)
    i.uxTaskGetNumberOfTasks                 0x08001870   Section        0  tasks.o(i.uxTaskGetNumberOfTasks)
    i.vListInitialise                        0x0800187c   Section        0  list.o(i.vListInitialise)
    i.vListInitialiseItem                    0x08001892   Section        0  list.o(i.vListInitialiseItem)
    i.vListInsert                            0x08001898   Section        0  list.o(i.vListInsert)
    i.vListInsertEnd                         0x080018c8   Section        0  list.o(i.vListInsertEnd)
    i.vPortEnterCritical                     0x080018e0   Section        0  port.o(i.vPortEnterCritical)
    i.vPortExitCritical                      0x08001908   Section        0  port.o(i.vPortExitCritical)
    i.vPortFree                              0x0800191c   Section        0  heap_4.o(i.vPortFree)
    i.vPortSetupTimerInterrupt               0x08001960   Section        0  port.o(i.vPortSetupTimerInterrupt)
    i.vQueueAddToRegistry                    0x08001984   Section        0  queue.o(i.vQueueAddToRegistry)
    i.vQueueWaitForMessageRestricted         0x080019c0   Section        0  queue.o(i.vQueueWaitForMessageRestricted)
    i.vTaskDelay                             0x08001a04   Section        0  tasks.o(i.vTaskDelay)
    i.vTaskDelete                            0x08001a3c   Section        0  tasks.o(i.vTaskDelete)
    i.vTaskInternalSetTimeOutState           0x08001adc   Section        0  tasks.o(i.vTaskInternalSetTimeOutState)
    i.vTaskMissedYield                       0x08001aec   Section        0  tasks.o(i.vTaskMissedYield)
    i.vTaskPlaceOnEventList                  0x08001af8   Section        0  tasks.o(i.vTaskPlaceOnEventList)
    i.vTaskPlaceOnEventListRestricted        0x08001b1c   Section        0  tasks.o(i.vTaskPlaceOnEventListRestricted)
    i.vTaskStartScheduler                    0x08001b5c   Section        0  tasks.o(i.vTaskStartScheduler)
    i.vTaskSuspendAll                        0x08001bb4   Section        0  tasks.o(i.vTaskSuspendAll)
    i.vTaskSwitchContext                     0x08001bc4   Section        0  tasks.o(i.vTaskSwitchContext)
    i.xPortStartScheduler                    0x08001c0c   Section        0  port.o(i.xPortStartScheduler)
    i.xPortSysTickHandler                    0x08001ca8   Section        0  port.o(i.xPortSysTickHandler)
    i.xQueueGenericCreate                    0x08001cd4   Section        0  queue.o(i.xQueueGenericCreate)
    i.xQueueGenericReset                     0x08001d28   Section        0  queue.o(i.xQueueGenericReset)
    i.xQueueReceive                          0x08001dbc   Section        0  queue.o(i.xQueueReceive)
    i.xTaskCheckForTimeOut                   0x08001eb0   Section        0  tasks.o(i.xTaskCheckForTimeOut)
    i.xTaskCreate                            0x08001f08   Section        0  tasks.o(i.xTaskCreate)
    i.xTaskDelayUntil                        0x08001f64   Section        0  tasks.o(i.xTaskDelayUntil)
    i.xTaskGetSchedulerState                 0x08001fbc   Section        0  tasks.o(i.xTaskGetSchedulerState)
    i.xTaskGetTickCount                      0x08001fd8   Section        0  tasks.o(i.xTaskGetTickCount)
    i.xTaskIncrementTick                     0x08001fe4   Section        0  tasks.o(i.xTaskIncrementTick)
    i.xTaskPriorityDisinherit                0x080020f8   Section        0  tasks.o(i.xTaskPriorityDisinherit)
    i.xTaskRemoveFromEventList               0x08002188   Section        0  tasks.o(i.xTaskRemoveFromEventList)
    i.xTaskResumeAll                         0x08002254   Section        0  tasks.o(i.xTaskResumeAll)
    i.xTimerCreateTimerTask                  0x0800236c   Section        0  timers.o(i.xTimerCreateTimerTask)
    x$fpl$fpinit                             0x080023a8   Section       10  fpinit.o(x$fpl$fpinit)
    $v0                                      0x080023a8   Number         0  fpinit.o(x$fpl$fpinit)
    .constdata                               0x080023b2   Section     2660  oled.o(.constdata)
    .constdata                               0x08002e16   Section       17  __printf_flags_wp.o(.constdata)
    maptable                                 0x08002e16   Data          17  __printf_flags_wp.o(.constdata)
    .data                                    0x20000000   Section        4  main.o(.data)
    .data                                    0x20000004   Section       20  system_stm32f4xx.o(.data)
    .data                                    0x20000018   Section        8  delay.o(.data)
    fac_us                                   0x20000018   Data           1  delay.o(.data)
    fac_ms                                   0x2000001a   Data           2  delay.o(.data)
    sysTickCnt                               0x2000001c   Data           4  delay.o(.data)
    .data                                    0x20000020   Section       64  tasks.o(.data)
    uxDeletedTasksWaitingCleanUp             0x20000024   Data           4  tasks.o(.data)
    uxCurrentNumberOfTasks                   0x20000028   Data           4  tasks.o(.data)
    xTickCount                               0x2000002c   Data           4  tasks.o(.data)
    uxTopReadyPriority                       0x20000030   Data           4  tasks.o(.data)
    xSchedulerRunning                        0x20000034   Data           4  tasks.o(.data)
    xPendedTicks                             0x20000038   Data           4  tasks.o(.data)
    xYieldPending                            0x2000003c   Data           4  tasks.o(.data)
    xNumOfOverflows                          0x20000040   Data           4  tasks.o(.data)
    uxTaskNumber                             0x20000044   Data           4  tasks.o(.data)
    xNextTaskUnblockTime                     0x20000048   Data           4  tasks.o(.data)
    xIdleTaskHandle                          0x2000004c   Data           4  tasks.o(.data)
    uxSchedulerSuspended                     0x20000054   Data           4  tasks.o(.data)
    pxDelayedTaskList                        0x20000058   Data           4  tasks.o(.data)
    pxOverflowDelayedTaskList                0x2000005c   Data           4  tasks.o(.data)
    .data                                    0x20000060   Section       20  timers.o(.data)
    xTimerQueue                              0x20000060   Data           4  timers.o(.data)
    xTimerTaskHandle                         0x20000064   Data           4  timers.o(.data)
    xLastTime                                0x20000068   Data           4  timers.o(.data)
    pxCurrentTimerList                       0x2000006c   Data           4  timers.o(.data)
    pxOverflowTimerList                      0x20000070   Data           4  timers.o(.data)
    .data                                    0x20000074   Section       28  heap_4.o(.data)
    pxEnd                                    0x20000074   Data           4  heap_4.o(.data)
    xFreeBytesRemaining                      0x20000078   Data           4  heap_4.o(.data)
    xMinimumEverFreeBytesRemaining           0x2000007c   Data           4  heap_4.o(.data)
    xNumberOfSuccessfulAllocations           0x20000080   Data           4  heap_4.o(.data)
    xNumberOfSuccessfulFrees                 0x20000084   Data           4  heap_4.o(.data)
    xStart                                   0x20000088   Data           8  heap_4.o(.data)
    .data                                    0x20000090   Section       12  port.o(.data)
    ucMaxSysCallPriority                     0x20000090   Data           1  port.o(.data)
    uxCriticalNesting                        0x20000094   Data           4  port.o(.data)
    ulMaxPRIGROUPValue                       0x20000098   Data           4  port.o(.data)
    .bss                                     0x2000009c   Section     1024  oled.o(.bss)
    .bss                                     0x2000049c   Section       64  queue.o(.bss)
    .bss                                     0x200004dc   Section      740  tasks.o(.bss)
    pxReadyTasksLists                        0x200004dc   Data         640  tasks.o(.bss)
    xDelayedTaskList1                        0x2000075c   Data          20  tasks.o(.bss)
    xDelayedTaskList2                        0x20000770   Data          20  tasks.o(.bss)
    xPendingReadyList                        0x20000784   Data          20  tasks.o(.bss)
    xTasksWaitingTermination                 0x20000798   Data          20  tasks.o(.bss)
    xSuspendedTaskList                       0x200007ac   Data          20  tasks.o(.bss)
    .bss                                     0x200007c0   Section       40  timers.o(.bss)
    xActiveTimerList1                        0x200007c0   Data          20  timers.o(.bss)
    xActiveTimerList2                        0x200007d4   Data          20  timers.o(.bss)
    .bss                                     0x200007e8   Section    20480  heap_4.o(.bss)
    ucHeap                                   0x200007e8   Data       20480  heap_4.o(.bss)
    .bss                                     0x200057e8   Section       96  libspace.o(.bss)
    HEAP                                     0x20005848   Section      512  startup_stm32f40_41xxx.o(HEAP)
    Heap_Mem                                 0x20005848   Data         512  startup_stm32f40_41xxx.o(HEAP)
    STACK                                    0x20005a48   Section     1024  startup_stm32f40_41xxx.o(STACK)
    Stack_Mem                                0x20005a48   Data        1024  startup_stm32f40_41xxx.o(STACK)
    __initial_sp                             0x20005e48   Data           0  startup_stm32f40_41xxx.o(STACK)

    Global Symbols

    Symbol Name                              Value     Ov Type        Size  Object(Section)

    BuildAttributes$$THM_ISAv4$E$P$D$K$B$S$7EM$VFPi3$EXTD16$VFPS$VFMA$PE$A:L22UL41UL21$X:L11$S22US41US21$IEEE1$IW$USESV6$~STKCKD$USESV7$~SHL$OSPACE$ROPI$EBA8$UX$STANDARDLIB$REQ8$PRES8$EABIv2 0x00000000   Number         0  anon$$obj.o ABSOLUTE
    __ARM_use_no_argv                        0x00000000   Number         0  main.o ABSOLUTE
    _printf_flags                            0x00000000   Number         0  printf_stubs.o ABSOLUTE
    _printf_return_value                     0x00000000   Number         0  printf_stubs.o ABSOLUTE
    _printf_sizespec                         0x00000000   Number         0  printf_stubs.o ABSOLUTE
    _printf_widthprec                        0x00000000   Number         0  printf_stubs.o ABSOLUTE
    __ARM_exceptions_init                     - Undefined Weak Reference
    __alloca_initialize                       - Undefined Weak Reference
    __arm_fini_                               - Undefined Weak Reference
    __arm_preinit_                            - Undefined Weak Reference
    __cpp_initialize__aeabi_                  - Undefined Weak Reference
    __cxa_finalize                            - Undefined Weak Reference
    __rt_locale                               - Undefined Weak Reference
    __sigvec_lookup                           - Undefined Weak Reference
    _atexit_init                              - Undefined Weak Reference
    _call_atexit_fns                          - Undefined Weak Reference
    _clock_init                               - Undefined Weak Reference
    _fp_trap_init                             - Undefined Weak Reference
    _fp_trap_shutdown                         - Undefined Weak Reference
    _get_lc_collate                           - Undefined Weak Reference
    _get_lc_ctype                             - Undefined Weak Reference
    _get_lc_monetary                          - Undefined Weak Reference
    _get_lc_numeric                           - Undefined Weak Reference
    _get_lc_time                              - Undefined Weak Reference
    _getenv_init                              - Undefined Weak Reference
    _handle_redirection                       - Undefined Weak Reference
    _init_alloc                               - Undefined Weak Reference
    _init_user_alloc                          - Undefined Weak Reference
    _initio                                   - Undefined Weak Reference
    _printf_mbtowc                            - Undefined Weak Reference
    _printf_truncate_signed                   - Undefined Weak Reference
    _printf_truncate_unsigned                 - Undefined Weak Reference
    _rand_init                                - Undefined Weak Reference
    _signal_finish                            - Undefined Weak Reference
    _signal_init                              - Undefined Weak Reference
    _terminate_alloc                          - Undefined Weak Reference
    _terminate_user_alloc                     - Undefined Weak Reference
    _terminateio                              - Undefined Weak Reference
    __Vectors_Size                           0x00000188   Number         0  startup_stm32f40_41xxx.o ABSOLUTE
    __Vectors                                0x08000000   Data           4  startup_stm32f40_41xxx.o(RESET)
    __Vectors_End                            0x08000188   Data           0  startup_stm32f40_41xxx.o(RESET)
    __main                                   0x08000189   Thumb Code     8  __main.o(!!!main)
    __scatterload                            0x08000191   Thumb Code     0  __scatter.o(!!!scatter)
    __scatterload_rt2                        0x08000191   Thumb Code    44  __scatter.o(!!!scatter)
    __scatterload_rt2_thumb_only             0x08000191   Thumb Code     0  __scatter.o(!!!scatter)
    __scatterload_null                       0x0800019f   Thumb Code     0  __scatter.o(!!!scatter)
    __scatterload_copy                       0x080001c5   Thumb Code    26  __scatter_copy.o(!!handler_copy)
    __scatterload_zeroinit                   0x080001e1   Thumb Code    28  __scatter_zi.o(!!handler_zi)
    _printf_d                                0x080001fd   Thumb Code     0  _printf_d.o(.ARM.Collect$$_printf_percent$$00000009)
    _printf_percent                          0x080001fd   Thumb Code     0  _printf_percent.o(.ARM.Collect$$_printf_percent$$00000000)
    _printf_percent_end                      0x08000203   Thumb Code     0  _printf_percent_end.o(.ARM.Collect$$_printf_percent$$00000017)
    __rt_lib_init                            0x08000207   Thumb Code     0  libinit.o(.ARM.Collect$$libinit$$00000000)
    __rt_lib_init_fp_1                       0x08000209   Thumb Code     0  libinit2.o(.ARM.Collect$$libinit$$00000001)
    __rt_lib_init_alloca_1                   0x0800020d   Thumb Code     0  libinit2.o(.ARM.Collect$$libinit$$0000002E)
    __rt_lib_init_argv_1                     0x0800020d   Thumb Code     0  libinit2.o(.ARM.Collect$$libinit$$0000002C)
    __rt_lib_init_atexit_1                   0x0800020d   Thumb Code     0  libinit2.o(.ARM.Collect$$libinit$$0000001B)
    __rt_lib_init_clock_1                    0x0800020d   Thumb Code     0  libinit2.o(.ARM.Collect$$libinit$$00000021)
    __rt_lib_init_cpp_1                      0x0800020d   Thumb Code     0  libinit2.o(.ARM.Collect$$libinit$$00000032)
    __rt_lib_init_exceptions_1               0x0800020d   Thumb Code     0  libinit2.o(.ARM.Collect$$libinit$$00000030)
    __rt_lib_init_fp_trap_1                  0x0800020d   Thumb Code     0  libinit2.o(.ARM.Collect$$libinit$$0000001F)
    __rt_lib_init_getenv_1                   0x0800020d   Thumb Code     0  libinit2.o(.ARM.Collect$$libinit$$00000023)
    __rt_lib_init_heap_1                     0x0800020d   Thumb Code     0  libinit2.o(.ARM.Collect$$libinit$$0000000A)
    __rt_lib_init_lc_collate_1               0x0800020d   Thumb Code     0  libinit2.o(.ARM.Collect$$libinit$$00000011)
    __rt_lib_init_lc_ctype_1                 0x0800020d   Thumb Code     0  libinit2.o(.ARM.Collect$$libinit$$00000013)
    __rt_lib_init_lc_monetary_1              0x0800020d   Thumb Code     0  libinit2.o(.ARM.Collect$$libinit$$00000015)
    __rt_lib_init_lc_numeric_1               0x0800020d   Thumb Code     0  libinit2.o(.ARM.Collect$$libinit$$00000017)
    __rt_lib_init_lc_time_1                  0x0800020d   Thumb Code     0  libinit2.o(.ARM.Collect$$libinit$$00000019)
    __rt_lib_init_preinit_1                  0x0800020d   Thumb Code     0  libinit2.o(.ARM.Collect$$libinit$$00000004)
    __rt_lib_init_rand_1                     0x0800020d   Thumb Code     0  libinit2.o(.ARM.Collect$$libinit$$0000000E)
    __rt_lib_init_return                     0x0800020d   Thumb Code     0  libinit2.o(.ARM.Collect$$libinit$$00000033)
    __rt_lib_init_signal_1                   0x0800020d   Thumb Code     0  libinit2.o(.ARM.Collect$$libinit$$0000001D)
    __rt_lib_init_stdio_1                    0x0800020d   Thumb Code     0  libinit2.o(.ARM.Collect$$libinit$$00000025)
    __rt_lib_init_user_alloc_1               0x0800020d   Thumb Code     0  libinit2.o(.ARM.Collect$$libinit$$0000000C)
    __rt_lib_shutdown                        0x0800020f   Thumb Code     0  libshutdown.o(.ARM.Collect$$libshutdown$$00000000)
    __rt_lib_shutdown_cpp_1                  0x08000211   Thumb Code     0  libshutdown2.o(.ARM.Collect$$libshutdown$$00000004)
    __rt_lib_shutdown_fini_1                 0x08000211   Thumb Code     0  libshutdown2.o(.ARM.Collect$$libshutdown$$00000002)
    __rt_lib_shutdown_fp_trap_1              0x08000211   Thumb Code     0  libshutdown2.o(.ARM.Collect$$libshutdown$$00000009)
    __rt_lib_shutdown_heap_1                 0x08000211   Thumb Code     0  libshutdown2.o(.ARM.Collect$$libshutdown$$00000011)
    __rt_lib_shutdown_return                 0x08000211   Thumb Code     0  libshutdown2.o(.ARM.Collect$$libshutdown$$00000012)
    __rt_lib_shutdown_signal_1               0x08000211   Thumb Code     0  libshutdown2.o(.ARM.Collect$$libshutdown$$0000000C)
    __rt_lib_shutdown_stdio_1                0x08000211   Thumb Code     0  libshutdown2.o(.ARM.Collect$$libshutdown$$00000006)
    __rt_lib_shutdown_user_alloc_1           0x08000211   Thumb Code     0  libshutdown2.o(.ARM.Collect$$libshutdown$$0000000E)
    __rt_entry                               0x08000213   Thumb Code     0  __rtentry.o(.ARM.Collect$$rtentry$$00000000)
    __rt_entry_presh_1                       0x08000213   Thumb Code     0  __rtentry2.o(.ARM.Collect$$rtentry$$00000002)
    __rt_entry_sh                            0x08000213   Thumb Code     0  __rtentry4.o(.ARM.Collect$$rtentry$$00000004)
    __rt_entry_li                            0x08000219   Thumb Code     0  __rtentry2.o(.ARM.Collect$$rtentry$$0000000A)
    __rt_entry_postsh_1                      0x08000219   Thumb Code     0  __rtentry2.o(.ARM.Collect$$rtentry$$00000009)
    __rt_entry_main                          0x0800021d   Thumb Code     0  __rtentry2.o(.ARM.Collect$$rtentry$$0000000D)
    __rt_entry_postli_1                      0x0800021d   Thumb Code     0  __rtentry2.o(.ARM.Collect$$rtentry$$0000000C)
    __rt_exit                                0x08000225   Thumb Code     0  rtexit.o(.ARM.Collect$$rtexit$$00000000)
    __rt_exit_ls                             0x08000227   Thumb Code     0  rtexit2.o(.ARM.Collect$$rtexit$$00000003)
    __rt_exit_prels_1                        0x08000227   Thumb Code     0  rtexit2.o(.ARM.Collect$$rtexit$$00000002)
    __rt_exit_exit                           0x0800022b   Thumb Code     0  rtexit2.o(.ARM.Collect$$rtexit$$00000004)
    SVC_Handler                              0x08000231   Thumb Code    28  port.o(.emb_text)
    __asm___6_port_c_39a90d8d__prvStartFirstTask 0x08000251   Thumb Code    36  port.o(.emb_text)
    __asm___6_port_c_39a90d8d__prvEnableVFP  0x08000279   Thumb Code    16  port.o(.emb_text)
    PendSV_Handler                           0x0800028d   Thumb Code    88  port.o(.emb_text)
    vPortGetIPSR                             0x080002e9   Thumb Code     6  port.o(.emb_text)
    Reset_Handler                            0x080002f1   Thumb Code     8  startup_stm32f40_41xxx.o(.text)
    ADC_IRQHandler                           0x0800030b   Thumb Code     0  startup_stm32f40_41xxx.o(.text)
    CAN1_RX0_IRQHandler                      0x0800030b   Thumb Code     0  startup_stm32f40_41xxx.o(.text)
    CAN1_RX1_IRQHandler                      0x0800030b   Thumb Code     0  startup_stm32f40_41xxx.o(.text)
    CAN1_SCE_IRQHandler                      0x0800030b   Thumb Code     0  startup_stm32f40_41xxx.o(.text)
    CAN1_TX_IRQHandler                       0x0800030b   Thumb Code     0  startup_stm32f40_41xxx.o(.text)
    CAN2_RX0_IRQHandler                      0x0800030b   Thumb Code     0  startup_stm32f40_41xxx.o(.text)
    CAN2_RX1_IRQHandler                      0x0800030b   Thumb Code     0  startup_stm32f40_41xxx.o(.text)
    CAN2_SCE_IRQHandler                      0x0800030b   Thumb Code     0  startup_stm32f40_41xxx.o(.text)
    CAN2_TX_IRQHandler                       0x0800030b   Thumb Code     0  startup_stm32f40_41xxx.o(.text)
    CRYP_IRQHandler                          0x0800030b   Thumb Code     0  startup_stm32f40_41xxx.o(.text)
    DCMI_IRQHandler                          0x0800030b   Thumb Code     0  startup_stm32f40_41xxx.o(.text)
    DMA1_Stream0_IRQHandler                  0x0800030b   Thumb Code     0  startup_stm32f40_41xxx.o(.text)
    DMA1_Stream1_IRQHandler                  0x0800030b   Thumb Code     0  startup_stm32f40_41xxx.o(.text)
    DMA1_Stream2_IRQHandler                  0x0800030b   Thumb Code     0  startup_stm32f40_41xxx.o(.text)
    DMA1_Stream3_IRQHandler                  0x0800030b   Thumb Code     0  startup_stm32f40_41xxx.o(.text)
    DMA1_Stream4_IRQHandler                  0x0800030b   Thumb Code     0  startup_stm32f40_41xxx.o(.text)
    DMA1_Stream5_IRQHandler                  0x0800030b   Thumb Code     0  startup_stm32f40_41xxx.o(.text)
    DMA1_Stream6_IRQHandler                  0x0800030b   Thumb Code     0  startup_stm32f40_41xxx.o(.text)
    DMA1_Stream7_IRQHandler                  0x0800030b   Thumb Code     0  startup_stm32f40_41xxx.o(.text)
    DMA2_Stream0_IRQHandler                  0x0800030b   Thumb Code     0  startup_stm32f40_41xxx.o(.text)
    DMA2_Stream1_IRQHandler                  0x0800030b   Thumb Code     0  startup_stm32f40_41xxx.o(.text)
    DMA2_Stream2_IRQHandler                  0x0800030b   Thumb Code     0  startup_stm32f40_41xxx.o(.text)
    DMA2_Stream3_IRQHandler                  0x0800030b   Thumb Code     0  startup_stm32f40_41xxx.o(.text)
    DMA2_Stream4_IRQHandler                  0x0800030b   Thumb Code     0  startup_stm32f40_41xxx.o(.text)
    DMA2_Stream5_IRQHandler                  0x0800030b   Thumb Code     0  startup_stm32f40_41xxx.o(.text)
    DMA2_Stream6_IRQHandler                  0x0800030b   Thumb Code     0  startup_stm32f40_41xxx.o(.text)
    DMA2_Stream7_IRQHandler                  0x0800030b   Thumb Code     0  startup_stm32f40_41xxx.o(.text)
    ETH_IRQHandler                           0x0800030b   Thumb Code     0  startup_stm32f40_41xxx.o(.text)
    ETH_WKUP_IRQHandler                      0x0800030b   Thumb Code     0  startup_stm32f40_41xxx.o(.text)
    EXTI0_IRQHandler                         0x0800030b   Thumb Code     0  startup_stm32f40_41xxx.o(.text)
    EXTI15_10_IRQHandler                     0x0800030b   Thumb Code     0  startup_stm32f40_41xxx.o(.text)
    EXTI1_IRQHandler                         0x0800030b   Thumb Code     0  startup_stm32f40_41xxx.o(.text)
    EXTI2_IRQHandler                         0x0800030b   Thumb Code     0  startup_stm32f40_41xxx.o(.text)
    EXTI3_IRQHandler                         0x0800030b   Thumb Code     0  startup_stm32f40_41xxx.o(.text)
    EXTI4_IRQHandler                         0x0800030b   Thumb Code     0  startup_stm32f40_41xxx.o(.text)
    EXTI9_5_IRQHandler                       0x0800030b   Thumb Code     0  startup_stm32f40_41xxx.o(.text)
    FLASH_IRQHandler                         0x0800030b   Thumb Code     0  startup_stm32f40_41xxx.o(.text)
    FPU_IRQHandler                           0x0800030b   Thumb Code     0  startup_stm32f40_41xxx.o(.text)
    FSMC_IRQHandler                          0x0800030b   Thumb Code     0  startup_stm32f40_41xxx.o(.text)
    HASH_RNG_IRQHandler                      0x0800030b   Thumb Code     0  startup_stm32f40_41xxx.o(.text)
    I2C1_ER_IRQHandler                       0x0800030b   Thumb Code     0  startup_stm32f40_41xxx.o(.text)
    I2C1_EV_IRQHandler                       0x0800030b   Thumb Code     0  startup_stm32f40_41xxx.o(.text)
    I2C2_ER_IRQHandler                       0x0800030b   Thumb Code     0  startup_stm32f40_41xxx.o(.text)
    I2C2_EV_IRQHandler                       0x0800030b   Thumb Code     0  startup_stm32f40_41xxx.o(.text)
    I2C3_ER_IRQHandler                       0x0800030b   Thumb Code     0  startup_stm32f40_41xxx.o(.text)
    I2C3_EV_IRQHandler                       0x0800030b   Thumb Code     0  startup_stm32f40_41xxx.o(.text)
    OTG_FS_IRQHandler                        0x0800030b   Thumb Code     0  startup_stm32f40_41xxx.o(.text)
    OTG_FS_WKUP_IRQHandler                   0x0800030b   Thumb Code     0  startup_stm32f40_41xxx.o(.text)
    OTG_HS_EP1_IN_IRQHandler                 0x0800030b   Thumb Code     0  startup_stm32f40_41xxx.o(.text)
    OTG_HS_EP1_OUT_IRQHandler                0x0800030b   Thumb Code     0  startup_stm32f40_41xxx.o(.text)
    OTG_HS_IRQHandler                        0x0800030b   Thumb Code     0  startup_stm32f40_41xxx.o(.text)
    OTG_HS_WKUP_IRQHandler                   0x0800030b   Thumb Code     0  startup_stm32f40_41xxx.o(.text)
    PVD_IRQHandler                           0x0800030b   Thumb Code     0  startup_stm32f40_41xxx.o(.text)
    RCC_IRQHandler                           0x0800030b   Thumb Code     0  startup_stm32f40_41xxx.o(.text)
    RTC_Alarm_IRQHandler                     0x0800030b   Thumb Code     0  startup_stm32f40_41xxx.o(.text)
    RTC_WKUP_IRQHandler                      0x0800030b   Thumb Code     0  startup_stm32f40_41xxx.o(.text)
    SDIO_IRQHandler                          0x0800030b   Thumb Code     0  startup_stm32f40_41xxx.o(.text)
    SPI1_IRQHandler                          0x0800030b   Thumb Code     0  startup_stm32f40_41xxx.o(.text)
    SPI2_IRQHandler                          0x0800030b   Thumb Code     0  startup_stm32f40_41xxx.o(.text)
    SPI3_IRQHandler                          0x0800030b   Thumb Code     0  startup_stm32f40_41xxx.o(.text)
    TAMP_STAMP_IRQHandler                    0x0800030b   Thumb Code     0  startup_stm32f40_41xxx.o(.text)
    TIM1_BRK_TIM9_IRQHandler                 0x0800030b   Thumb Code     0  startup_stm32f40_41xxx.o(.text)
    TIM1_CC_IRQHandler                       0x0800030b   Thumb Code     0  startup_stm32f40_41xxx.o(.text)
    TIM1_TRG_COM_TIM11_IRQHandler            0x0800030b   Thumb Code     0  startup_stm32f40_41xxx.o(.text)
    TIM1_UP_TIM10_IRQHandler                 0x0800030b   Thumb Code     0  startup_stm32f40_41xxx.o(.text)
    TIM2_IRQHandler                          0x0800030b   Thumb Code     0  startup_stm32f40_41xxx.o(.text)
    TIM3_IRQHandler                          0x0800030b   Thumb Code     0  startup_stm32f40_41xxx.o(.text)
    TIM4_IRQHandler                          0x0800030b   Thumb Code     0  startup_stm32f40_41xxx.o(.text)
    TIM5_IRQHandler                          0x0800030b   Thumb Code     0  startup_stm32f40_41xxx.o(.text)
    TIM6_DAC_IRQHandler                      0x0800030b   Thumb Code     0  startup_stm32f40_41xxx.o(.text)
    TIM7_IRQHandler                          0x0800030b   Thumb Code     0  startup_stm32f40_41xxx.o(.text)
    TIM8_BRK_TIM12_IRQHandler                0x0800030b   Thumb Code     0  startup_stm32f40_41xxx.o(.text)
    TIM8_CC_IRQHandler                       0x0800030b   Thumb Code     0  startup_stm32f40_41xxx.o(.text)
    TIM8_TRG_COM_TIM14_IRQHandler            0x0800030b   Thumb Code     0  startup_stm32f40_41xxx.o(.text)
    TIM8_UP_TIM13_IRQHandler                 0x0800030b   Thumb Code     0  startup_stm32f40_41xxx.o(.text)
    UART4_IRQHandler                         0x0800030b   Thumb Code     0  startup_stm32f40_41xxx.o(.text)
    UART5_IRQHandler                         0x0800030b   Thumb Code     0  startup_stm32f40_41xxx.o(.text)
    USART1_IRQHandler                        0x0800030b   Thumb Code     0  startup_stm32f40_41xxx.o(.text)
    USART2_IRQHandler                        0x0800030b   Thumb Code     0  startup_stm32f40_41xxx.o(.text)
    USART3_IRQHandler                        0x0800030b   Thumb Code     0  startup_stm32f40_41xxx.o(.text)
    USART6_IRQHandler                        0x0800030b   Thumb Code     0  startup_stm32f40_41xxx.o(.text)
    WWDG_IRQHandler                          0x0800030b   Thumb Code     0  startup_stm32f40_41xxx.o(.text)
    __user_initial_stackheap                 0x0800030d   Thumb Code     0  startup_stm32f40_41xxx.o(.text)
    __2sprintf                               0x08000331   Thumb Code    34  noretval__2sprintf.o(.text)
    _printf_pre_padding                      0x08000359   Thumb Code    44  _printf_pad.o(.text)
    _printf_post_padding                     0x08000385   Thumb Code    34  _printf_pad.o(.text)
    _printf_int_dec                          0x080003a9   Thumb Code   104  _printf_dec.o(.text)
    __printf                                 0x08000421   Thumb Code   308  __printf_flags_wp.o(.text)
    __aeabi_memcpy                           0x08000559   Thumb Code     0  rt_memcpy_v6.o(.text)
    __rt_memcpy                              0x08000559   Thumb Code   138  rt_memcpy_v6.o(.text)
    _memcpy_lastbytes                        0x080005bf   Thumb Code     0  rt_memcpy_v6.o(.text)
    __aeabi_memset                           0x080005e3   Thumb Code    16  aeabi_memset.o(.text)
    __aeabi_memclr                           0x080005f3   Thumb Code     0  rt_memclr.o(.text)
    __rt_memclr                              0x080005f3   Thumb Code    68  rt_memclr.o(.text)
    _memset                                  0x080005f7   Thumb Code     0  rt_memclr.o(.text)
    __aeabi_memclr4                          0x08000637   Thumb Code     0  rt_memclr_w.o(.text)
    __aeabi_memclr8                          0x08000637   Thumb Code     0  rt_memclr_w.o(.text)
    __rt_memclr_w                            0x08000637   Thumb Code    78  rt_memclr_w.o(.text)
    _memset_w                                0x0800063b   Thumb Code     0  rt_memclr_w.o(.text)
    __use_two_region_memory                  0x08000685   Thumb Code     2  heapauxi.o(.text)
    __rt_heap_escrow$2region                 0x08000687   Thumb Code     2  heapauxi.o(.text)
    __rt_heap_expand$2region                 0x08000689   Thumb Code     2  heapauxi.o(.text)
    _printf_int_common                       0x0800068b   Thumb Code   178  _printf_intcommon.o(.text)
    _printf_char_common                      0x08000747   Thumb Code    32  _printf_char_common.o(.text)
    _sputc                                   0x0800076d   Thumb Code    10  _sputc.o(.text)
    __aeabi_memcpy4                          0x08000777   Thumb Code     0  rt_memcpy_w.o(.text)
    __aeabi_memcpy8                          0x08000777   Thumb Code     0  rt_memcpy_w.o(.text)
    __rt_memcpy_w                            0x08000777   Thumb Code   100  rt_memcpy_w.o(.text)
    _memcpy_lastbytes_aligned                0x080007bf   Thumb Code     0  rt_memcpy_w.o(.text)
    __user_setup_stackheap                   0x080007db   Thumb Code    74  sys_stackheap_outer.o(.text)
    exit                                     0x08000825   Thumb Code    18  exit.o(.text)
    __user_libspace                          0x08000839   Thumb Code     8  libspace.o(.text)
    __user_perproc_libspace                  0x08000839   Thumb Code     0  libspace.o(.text)
    __user_perthread_libspace                0x08000839   Thumb Code     0  libspace.o(.text)
    _sys_exit                                0x08000841   Thumb Code     8  sys_exit.o(.text)
    __I$use$semihosting                      0x0800084d   Thumb Code     0  use_no_semi.o(.text)
    __use_no_semihosting_swi                 0x0800084d   Thumb Code     2  use_no_semi.o(.text)
    __semihosting_library_function           0x0800084f   Thumb Code     0  indicate_semi.o(.text)
    BUZZ_Init                                0x08000851   Thumb Code    54  buzzer.o(i.BUZZ_Init)
    BusFault_Handler                         0x0800088d   Thumb Code     2  stm32f4xx_it.o(i.BusFault_Handler)
    DebugMon_Handler                         0x0800088f   Thumb Code     2  stm32f4xx_it.o(i.DebugMon_Handler)
    GPIO_Init                                0x08000891   Thumb Code   120  stm32f4xx_gpio.o(i.GPIO_Init)
    GPIO_SetBits                             0x08000909   Thumb Code     4  stm32f4xx_gpio.o(i.GPIO_SetBits)
    HardFault_Handler                        0x0800090d   Thumb Code     2  stm32f4xx_it.o(i.HardFault_Handler)
    LED_Init                                 0x08000911   Thumb Code    58  led.o(i.LED_Init)
    MemManage_Handler                        0x08000951   Thumb Code     2  stm32f4xx_it.o(i.MemManage_Handler)
    NMI_Handler                              0x08000953   Thumb Code     2  stm32f4xx_it.o(i.NMI_Handler)
    NVIC_PriorityGroupConfig                 0x08000955   Thumb Code    10  misc.o(i.NVIC_PriorityGroupConfig)
    OLED_Clear                               0x08000969   Thumb Code    38  oled.o(i.OLED_Clear)
    OLED_DrawPoint                           0x08000995   Thumb Code    54  oled.o(i.OLED_DrawPoint)
    OLED_Init                                0x080009d1   Thumb Code   294  oled.o(i.OLED_Init)
    OLED_Refresh_Gram                        0x08000b01   Thumb Code    66  oled.o(i.OLED_Refresh_Gram)
    OLED_ShowChar                            0x08000b49   Thumb Code   124  oled.o(i.OLED_ShowChar)
    OLED_ShowString                          0x08000bcd   Thumb Code    62  oled.o(i.OLED_ShowString)
    OLED_WR_Byte                             0x08000c0d   Thumb Code    62  oled.o(i.OLED_WR_Byte)
    PWR_BackupAccessCmd                      0x08000c51   Thumb Code     6  stm32f4xx_pwr.o(i.PWR_BackupAccessCmd)
    RCC_AHB1PeriphClockCmd                   0x08000c5d   Thumb Code    18  stm32f4xx_rcc.o(i.RCC_AHB1PeriphClockCmd)
    RCC_APB1PeriphClockCmd                   0x08000c75   Thumb Code    18  stm32f4xx_rcc.o(i.RCC_APB1PeriphClockCmd)
    RCC_LSEConfig                            0x08000c8d   Thumb Code    22  stm32f4xx_rcc.o(i.RCC_LSEConfig)
    SysTick_CLKSourceConfig                  0x08000d5d   Thumb Code    24  misc.o(i.SysTick_CLKSourceConfig)
    SysTick_Handler                          0x08000d75   Thumb Code    20  delay.o(i.SysTick_Handler)
    SystemInit                               0x08000d89   Thumb Code    74  system_stm32f4xx.o(i.SystemInit)
    UsageFault_Handler                       0x08000de5   Thumb Code     2  stm32f4xx_it.o(i.UsageFault_Handler)
    _is_digit                                0x08000de7   Thumb Code    14  __printf_wp.o(i._is_digit)
    buzz_task                                0x08000df5   Thumb Code    24  buzzer.o(i.buzz_task)
    delay_init                               0x08000e11   Thumb Code    50  delay.o(i.delay_init)
    delay_ms                                 0x08000e49   Thumb Code    50  delay.o(i.delay_ms)
    delay_us                                 0x08000e81   Thumb Code    48  delay.o(i.delay_us)
    getSysTickCnt                            0x08000eb5   Thumb Code    24  delay.o(i.getSysTickCnt)
    led_task                                 0x08000ed1   Thumb Code    24  led.o(i.led_task)
    main                                     0x08000eed   Thumb Code    34  main.o(i.main)
    oled_show                                0x08000f25   Thumb Code    68  show.o(i.oled_show)
    pvPortMalloc                             0x080016d1   Thumb Code   146  heap_4.o(i.pvPortMalloc)
    pxPortInitialiseStack                    0x08001769   Thumb Code    40  port.o(i.pxPortInitialiseStack)
    show_task                                0x08001795   Thumb Code    20  show.o(i.show_task)
    start_task                               0x080017a9   Thumb Code    74  main.o(i.start_task)
    systemInit                               0x08001829   Thumb Code    32  system.o(i.systemInit)
    uxListRemove                             0x08001849   Thumb Code    38  list.o(i.uxListRemove)
    uxTaskGetNumberOfTasks                   0x08001871   Thumb Code     6  tasks.o(i.uxTaskGetNumberOfTasks)
    vListInitialise                          0x0800187d   Thumb Code    22  list.o(i.vListInitialise)
    vListInitialiseItem                      0x08001893   Thumb Code     6  list.o(i.vListInitialiseItem)
    vListInsert                              0x08001899   Thumb Code    48  list.o(i.vListInsert)
    vListInsertEnd                           0x080018c9   Thumb Code    24  list.o(i.vListInsertEnd)
    vPortEnterCritical                       0x080018e1   Thumb Code    32  port.o(i.vPortEnterCritical)
    vPortExitCritical                        0x08001909   Thumb Code    16  port.o(i.vPortExitCritical)
    vPortFree                                0x0800191d   Thumb Code    64  heap_4.o(i.vPortFree)
    vPortSetupTimerInterrupt                 0x08001961   Thumb Code    32  port.o(i.vPortSetupTimerInterrupt)
    vQueueAddToRegistry                      0x08001985   Thumb Code    54  queue.o(i.vQueueAddToRegistry)
    vQueueWaitForMessageRestricted           0x080019c1   Thumb Code    68  queue.o(i.vQueueWaitForMessageRestricted)
    vTaskDelay                               0x08001a05   Thumb Code    48  tasks.o(i.vTaskDelay)
    vTaskDelete                              0x08001a3d   Thumb Code   144  tasks.o(i.vTaskDelete)
    vTaskInternalSetTimeOutState             0x08001add   Thumb Code    12  tasks.o(i.vTaskInternalSetTimeOutState)
    vTaskMissedYield                         0x08001aed   Thumb Code     8  tasks.o(i.vTaskMissedYield)
    vTaskPlaceOnEventList                    0x08001af9   Thumb Code    30  tasks.o(i.vTaskPlaceOnEventList)
    vTaskPlaceOnEventListRestricted          0x08001b1d   Thumb Code    58  tasks.o(i.vTaskPlaceOnEventListRestricted)
    vTaskStartScheduler                      0x08001b5d   Thumb Code    72  tasks.o(i.vTaskStartScheduler)
    vTaskSuspendAll                          0x08001bb5   Thumb Code    10  tasks.o(i.vTaskSuspendAll)
    vTaskSwitchContext                       0x08001bc5   Thumb Code    64  tasks.o(i.vTaskSwitchContext)
    xPortStartScheduler                      0x08001c0d   Thumb Code   138  port.o(i.xPortStartScheduler)
    xPortSysTickHandler                      0x08001ca9   Thumb Code    38  port.o(i.xPortSysTickHandler)
    xQueueGenericCreate                      0x08001cd5   Thumb Code    84  queue.o(i.xQueueGenericCreate)
    xQueueGenericReset                       0x08001d29   Thumb Code   142  queue.o(i.xQueueGenericReset)
    xQueueReceive                            0x08001dbd   Thumb Code   238  queue.o(i.xQueueReceive)
    xTaskCheckForTimeOut                     0x08001eb1   Thumb Code    82  tasks.o(i.xTaskCheckForTimeOut)
    xTaskCreate                              0x08001f09   Thumb Code    92  tasks.o(i.xTaskCreate)
    xTaskDelayUntil                          0x08001f65   Thumb Code    80  tasks.o(i.xTaskDelayUntil)
    xTaskGetSchedulerState                   0x08001fbd   Thumb Code    22  tasks.o(i.xTaskGetSchedulerState)
    xTaskGetTickCount                        0x08001fd9   Thumb Code     6  tasks.o(i.xTaskGetTickCount)
    xTaskIncrementTick                       0x08001fe5   Thumb Code   268  tasks.o(i.xTaskIncrementTick)
    xTaskPriorityDisinherit                  0x080020f9   Thumb Code   134  tasks.o(i.xTaskPriorityDisinherit)
    xTaskRemoveFromEventList                 0x08002189   Thumb Code   190  tasks.o(i.xTaskRemoveFromEventList)
    xTaskResumeAll                           0x08002255   Thumb Code   264  tasks.o(i.xTaskResumeAll)
    xTimerCreateTimerTask                    0x0800236d   Thumb Code    44  timers.o(i.xTimerCreateTimerTask)
    _fp_init                                 0x080023a9   Thumb Code    10  fpinit.o(x$fpl$fpinit)
    __fplib_config_fpu_vfp                   0x080023b1   Thumb Code     0  fpinit.o(x$fpl$fpinit)
    __fplib_config_pureend_doubles           0x080023b1   Thumb Code     0  fpinit.o(x$fpl$fpinit)
    oled_asc2_1206                           0x080023b2   Data        1140  oled.o(.constdata)
    oled_asc2_1608                           0x08002826   Data        1520  oled.o(.constdata)
    Region$$Table$$Base                      0x08002e28   Number         0  anon$$obj.o(Region$$Table)
    Region$$Table$$Limit                     0x08002e48   Number         0  anon$$obj.o(Region$$Table)
    StartTask_Handler                        0x20000000   Data           4  main.o(.data)
    SystemCoreClock                          0x20000004   Data           4  system_stm32f4xx.o(.data)
    AHBPrescTable                            0x20000008   Data          16  system_stm32f4xx.o(.data)
    pxCurrentTCB                             0x20000020   Data           4  tasks.o(.data)
    uxTopUsedPriority                        0x20000050   Data           4  tasks.o(.data)
    OLED_GRAM                                0x2000009c   Data        1024  oled.o(.bss)
    xQueueRegistry                           0x2000049c   Data          64  queue.o(.bss)
    __libspace_start                         0x200057e8   Data          96  libspace.o(.bss)
    __temporary_stack_top$libspace           0x20005848   Data           0  libspace.o(.bss)



==============================================================================

Memory Map of the image

  Image Entry point : 0x08000189

  Load Region LR_IROM1 (Base: 0x08000000, Size: 0x00002ee4, Max: 0x00080000, ABSOLUTE)

    Execution Region ER_IROM1 (Exec base: 0x08000000, Load base: 0x08000000, Size: 0x00002e48, Max: 0x00080000, ABSOLUTE)

    Exec Addr    Load Addr    Size         Type   Attr      Idx    E Section Name        Object

    0x08000000   0x08000000   0x00000188   Data   RO          339    RESET               startup_stm32f40_41xxx.o
    0x08000188   0x08000188   0x00000008   Code   RO         3571  * !!!main             c_w.l(__main.o)
    0x08000190   0x08000190   0x00000034   Code   RO         3743    !!!scatter          c_w.l(__scatter.o)
    0x080001c4   0x080001c4   0x0000001a   Code   RO         3745    !!handler_copy      c_w.l(__scatter_copy.o)
    0x080001de   0x080001de   0x00000002   PAD
    0x080001e0   0x080001e0   0x0000001c   Code   RO         3747    !!handler_zi        c_w.l(__scatter_zi.o)
    0x080001fc   0x080001fc   0x00000000   Code   RO         3556    .ARM.Collect$$_printf_percent$$00000000  c_w.l(_printf_percent.o)
    0x080001fc   0x080001fc   0x00000006   Code   RO         3554    .ARM.Collect$$_printf_percent$$00000009  c_w.l(_printf_d.o)
    0x08000202   0x08000202   0x00000004   Code   RO         3582    .ARM.Collect$$_printf_percent$$00000017  c_w.l(_printf_percent_end.o)
    0x08000206   0x08000206   0x00000002   Code   RO         3611    .ARM.Collect$$libinit$$00000000  c_w.l(libinit.o)
    0x08000208   0x08000208   0x00000004   Code   RO         3617    .ARM.Collect$$libinit$$00000001  c_w.l(libinit2.o)
    0x0800020c   0x0800020c   0x00000000   Code   RO         3620    .ARM.Collect$$libinit$$00000004  c_w.l(libinit2.o)
    0x0800020c   0x0800020c   0x00000000   Code   RO         3623    .ARM.Collect$$libinit$$0000000A  c_w.l(libinit2.o)
    0x0800020c   0x0800020c   0x00000000   Code   RO         3625    .ARM.Collect$$libinit$$0000000C  c_w.l(libinit2.o)
    0x0800020c   0x0800020c   0x00000000   Code   RO         3627    .ARM.Collect$$libinit$$0000000E  c_w.l(libinit2.o)
    0x0800020c   0x0800020c   0x00000000   Code   RO         3630    .ARM.Collect$$libinit$$00000011  c_w.l(libinit2.o)
    0x0800020c   0x0800020c   0x00000000   Code   RO         3632    .ARM.Collect$$libinit$$00000013  c_w.l(libinit2.o)
    0x0800020c   0x0800020c   0x00000000   Code   RO         3634    .ARM.Collect$$libinit$$00000015  c_w.l(libinit2.o)
    0x0800020c   0x0800020c   0x00000000   Code   RO         3636    .ARM.Collect$$libinit$$00000017  c_w.l(libinit2.o)
    0x0800020c   0x0800020c   0x00000000   Code   RO         3638    .ARM.Collect$$libinit$$00000019  c_w.l(libinit2.o)
    0x0800020c   0x0800020c   0x00000000   Code   RO         3640    .ARM.Collect$$libinit$$0000001B  c_w.l(libinit2.o)
    0x0800020c   0x0800020c   0x00000000   Code   RO         3642    .ARM.Collect$$libinit$$0000001D  c_w.l(libinit2.o)
    0x0800020c   0x0800020c   0x00000000   Code   RO         3644    .ARM.Collect$$libinit$$0000001F  c_w.l(libinit2.o)
    0x0800020c   0x0800020c   0x00000000   Code   RO         3646    .ARM.Collect$$libinit$$00000021  c_w.l(libinit2.o)
    0x0800020c   0x0800020c   0x00000000   Code   RO         3648    .ARM.Collect$$libinit$$00000023  c_w.l(libinit2.o)
    0x0800020c   0x0800020c   0x00000000   Code   RO         3650    .ARM.Collect$$libinit$$00000025  c_w.l(libinit2.o)
    0x0800020c   0x0800020c   0x00000000   Code   RO         3654    .ARM.Collect$$libinit$$0000002C  c_w.l(libinit2.o)
    0x0800020c   0x0800020c   0x00000000   Code   RO         3656    .ARM.Collect$$libinit$$0000002E  c_w.l(libinit2.o)
    0x0800020c   0x0800020c   0x00000000   Code   RO         3658    .ARM.Collect$$libinit$$00000030  c_w.l(libinit2.o)
    0x0800020c   0x0800020c   0x00000000   Code   RO         3660    .ARM.Collect$$libinit$$00000032  c_w.l(libinit2.o)
    0x0800020c   0x0800020c   0x00000002   Code   RO         3661    .ARM.Collect$$libinit$$00000033  c_w.l(libinit2.o)
    0x0800020e   0x0800020e   0x00000002   Code   RO         3681    .ARM.Collect$$libshutdown$$00000000  c_w.l(libshutdown.o)
    0x08000210   0x08000210   0x00000000   Code   RO         3694    .ARM.Collect$$libshutdown$$00000002  c_w.l(libshutdown2.o)
    0x08000210   0x08000210   0x00000000   Code   RO         3696    .ARM.Collect$$libshutdown$$00000004  c_w.l(libshutdown2.o)
    0x08000210   0x08000210   0x00000000   Code   RO         3698    .ARM.Collect$$libshutdown$$00000006  c_w.l(libshutdown2.o)
    0x08000210   0x08000210   0x00000000   Code   RO         3701    .ARM.Collect$$libshutdown$$00000009  c_w.l(libshutdown2.o)
    0x08000210   0x08000210   0x00000000   Code   RO         3704    .ARM.Collect$$libshutdown$$0000000C  c_w.l(libshutdown2.o)
    0x08000210   0x08000210   0x00000000   Code   RO         3706    .ARM.Collect$$libshutdown$$0000000E  c_w.l(libshutdown2.o)
    0x08000210   0x08000210   0x00000000   Code   RO         3709    .ARM.Collect$$libshutdown$$00000011  c_w.l(libshutdown2.o)
    0x08000210   0x08000210   0x00000002   Code   RO         3710    .ARM.Collect$$libshutdown$$00000012  c_w.l(libshutdown2.o)
    0x08000212   0x08000212   0x00000000   Code   RO         3573    .ARM.Collect$$rtentry$$00000000  c_w.l(__rtentry.o)
    0x08000212   0x08000212   0x00000000   Code   RO         3586    .ARM.Collect$$rtentry$$00000002  c_w.l(__rtentry2.o)
    0x08000212   0x08000212   0x00000006   Code   RO         3598    .ARM.Collect$$rtentry$$00000004  c_w.l(__rtentry4.o)
    0x08000218   0x08000218   0x00000000   Code   RO         3588    .ARM.Collect$$rtentry$$00000009  c_w.l(__rtentry2.o)
    0x08000218   0x08000218   0x00000004   Code   RO         3589    .ARM.Collect$$rtentry$$0000000A  c_w.l(__rtentry2.o)
    0x0800021c   0x0800021c   0x00000000   Code   RO         3591    .ARM.Collect$$rtentry$$0000000C  c_w.l(__rtentry2.o)
    0x0800021c   0x0800021c   0x00000008   Code   RO         3592    .ARM.Collect$$rtentry$$0000000D  c_w.l(__rtentry2.o)
    0x08000224   0x08000224   0x00000002   Code   RO         3615    .ARM.Collect$$rtexit$$00000000  c_w.l(rtexit.o)
    0x08000226   0x08000226   0x00000000   Code   RO         3663    .ARM.Collect$$rtexit$$00000002  c_w.l(rtexit2.o)
    0x08000226   0x08000226   0x00000004   Code   RO         3664    .ARM.Collect$$rtexit$$00000003  c_w.l(rtexit2.o)
    0x0800022a   0x0800022a   0x00000006   Code   RO         3665    .ARM.Collect$$rtexit$$00000004  c_w.l(rtexit2.o)
    0x08000230   0x08000230   0x000000be   Code   RO         3436    .emb_text           port.o
    0x080002ee   0x080002ee   0x00000002   PAD
    0x080002f0   0x080002f0   0x00000040   Code   RO          340    .text               startup_stm32f40_41xxx.o
    0x08000330   0x08000330   0x00000028   Code   RO         3523    .text               c_w.l(noretval__2sprintf.o)
    0x08000358   0x08000358   0x0000004e   Code   RO         3527    .text               c_w.l(_printf_pad.o)
    0x080003a6   0x080003a6   0x00000002   PAD
    0x080003a8   0x080003a8   0x00000078   Code   RO         3531    .text               c_w.l(_printf_dec.o)
    0x08000420   0x08000420   0x00000138   Code   RO         3545    .text               c_w.l(__printf_flags_wp.o)
    0x08000558   0x08000558   0x0000008a   Code   RO         3561    .text               c_w.l(rt_memcpy_v6.o)
    0x080005e2   0x080005e2   0x00000010   Code   RO         3563    .text               c_w.l(aeabi_memset.o)
    0x080005f2   0x080005f2   0x00000044   Code   RO         3565    .text               c_w.l(rt_memclr.o)
    0x08000636   0x08000636   0x0000004e   Code   RO         3567    .text               c_w.l(rt_memclr_w.o)
    0x08000684   0x08000684   0x00000006   Code   RO         3569    .text               c_w.l(heapauxi.o)
    0x0800068a   0x0800068a   0x000000b2   Code   RO         3574    .text               c_w.l(_printf_intcommon.o)
    0x0800073c   0x0800073c   0x00000030   Code   RO         3576    .text               c_w.l(_printf_char_common.o)
    0x0800076c   0x0800076c   0x0000000a   Code   RO         3578    .text               c_w.l(_sputc.o)
    0x08000776   0x08000776   0x00000064   Code   RO         3583    .text               c_w.l(rt_memcpy_w.o)
    0x080007da   0x080007da   0x0000004a   Code   RO         3602    .text               c_w.l(sys_stackheap_outer.o)
    0x08000824   0x08000824   0x00000012   Code   RO         3604    .text               c_w.l(exit.o)
    0x08000836   0x08000836   0x00000002   PAD
    0x08000838   0x08000838   0x00000008   Code   RO         3612    .text               c_w.l(libspace.o)
    0x08000840   0x08000840   0x0000000c   Code   RO         3673    .text               c_w.l(sys_exit.o)
    0x0800084c   0x0800084c   0x00000002   Code   RO         3684    .text               c_w.l(use_no_semi.o)
    0x0800084e   0x0800084e   0x00000000   Code   RO         3686    .text               c_w.l(indicate_semi.o)
    0x0800084e   0x0800084e   0x00000002   PAD
    0x08000850   0x08000850   0x0000003c   Code   RO         2090    i.BUZZ_Init         buzzer.o
    0x0800088c   0x0800088c   0x00000002   Code   RO          220    i.BusFault_Handler  stm32f4xx_it.o
    0x0800088e   0x0800088e   0x00000002   Code   RO          221    i.DebugMon_Handler  stm32f4xx_it.o
    0x08000890   0x08000890   0x00000078   Code   RO          391    i.GPIO_Init         stm32f4xx_gpio.o
    0x08000908   0x08000908   0x00000004   Code   RO          399    i.GPIO_SetBits      stm32f4xx_gpio.o
    0x0800090c   0x0800090c   0x00000002   Code   RO          222    i.HardFault_Handler  stm32f4xx_it.o
    0x0800090e   0x0800090e   0x00000002   PAD
    0x08000910   0x08000910   0x00000040   Code   RO         2058    i.LED_Init          led.o
    0x08000950   0x08000950   0x00000002   Code   RO          223    i.MemManage_Handler  stm32f4xx_it.o
    0x08000952   0x08000952   0x00000002   Code   RO          224    i.NMI_Handler       stm32f4xx_it.o
    0x08000954   0x08000954   0x00000014   Code   RO          347    i.NVIC_PriorityGroupConfig  misc.o
    0x08000968   0x08000968   0x0000002c   Code   RO         2116    i.OLED_Clear        oled.o
    0x08000994   0x08000994   0x0000003c   Code   RO         2119    i.OLED_DrawPoint    oled.o
    0x080009d0   0x080009d0   0x00000130   Code   RO         2120    i.OLED_Init         oled.o
    0x08000b00   0x08000b00   0x00000048   Code   RO         2121    i.OLED_Refresh_Gram  oled.o
    0x08000b48   0x08000b48   0x00000084   Code   RO         2122    i.OLED_ShowChar     oled.o
    0x08000bcc   0x08000bcc   0x0000003e   Code   RO         2124    i.OLED_ShowString   oled.o
    0x08000c0a   0x08000c0a   0x00000002   PAD
    0x08000c0c   0x08000c0c   0x00000044   Code   RO         2125    i.OLED_WR_Byte      oled.o
    0x08000c50   0x08000c50   0x0000000c   Code   RO          712    i.PWR_BackupAccessCmd  stm32f4xx_pwr.o
    0x08000c5c   0x08000c5c   0x00000018   Code   RO          834    i.RCC_AHB1PeriphClockCmd  stm32f4xx_rcc.o
    0x08000c74   0x08000c74   0x00000018   Code   RO          843    i.RCC_APB1PeriphClockCmd  stm32f4xx_rcc.o
    0x08000c8c   0x08000c8c   0x0000001c   Code   RO          864    i.RCC_LSEConfig     stm32f4xx_rcc.o
    0x08000ca8   0x08000ca8   0x000000b4   Code   RO          302    i.SetSysClock       system_stm32f4xx.o
    0x08000d5c   0x08000d5c   0x00000018   Code   RO          350    i.SysTick_CLKSourceConfig  misc.o
    0x08000d74   0x08000d74   0x00000014   Code   RO         2003    i.SysTick_Handler   delay.o
    0x08000d88   0x08000d88   0x0000005c   Code   RO          304    i.SystemInit        system_stm32f4xx.o
    0x08000de4   0x08000de4   0x00000002   Code   RO          225    i.UsageFault_Handler  stm32f4xx_it.o
    0x08000de6   0x08000de6   0x0000000e   Code   RO         3543    i._is_digit         c_w.l(__printf_wp.o)
    0x08000df4   0x08000df4   0x0000001c   Code   RO         2091    i.buzz_task         buzzer.o
    0x08000e10   0x08000e10   0x00000038   Code   RO         2004    i.delay_init        delay.o
    0x08000e48   0x08000e48   0x00000038   Code   RO         2005    i.delay_ms          delay.o
    0x08000e80   0x08000e80   0x00000034   Code   RO         2006    i.delay_us          delay.o
    0x08000eb4   0x08000eb4   0x0000001c   Code   RO         2008    i.getSysTickCnt     delay.o
    0x08000ed0   0x08000ed0   0x0000001c   Code   RO         2059    i.led_task          led.o
    0x08000eec   0x08000eec   0x00000038   Code   RO            3    i.main              main.o
    0x08000f24   0x08000f24   0x00000060   Code   RO         2205    i.oled_show         show.o
    0x08000f84   0x08000f84   0x00000088   Code   RO         2831    i.prvAddCurrentTaskToDelayedList  tasks.o
    0x0800100c   0x0800100c   0x000000f0   Code   RO         2832    i.prvAddNewTaskToReadyList  tasks.o
    0x080010fc   0x080010fc   0x00000050   Code   RO         3206    i.prvCheckForValidListAndQueue  timers.o
    0x0800114c   0x0800114c   0x00000026   Code   RO         2435    i.prvCopyDataFromQueue  queue.o
    0x08001172   0x08001172   0x0000006c   Code   RO         2436    i.prvCopyDataToQueue  queue.o
    0x080011de   0x080011de   0x00000014   Code   RO         2833    i.prvDeleteTCB      tasks.o
    0x080011f2   0x080011f2   0x00000002   PAD
    0x080011f4   0x080011f4   0x00000044   Code   RO         3367    i.prvHeapInit       heap_4.o
    0x08001238   0x08001238   0x0000005c   Code   RO         2834    i.prvIdleTask       tasks.o
    0x08001294   0x08001294   0x00000084   Code   RO         2835    i.prvInitialiseNewTask  tasks.o
    0x08001318   0x08001318   0x0000004c   Code   RO         3368    i.prvInsertBlockIntoFreeList  heap_4.o
    0x08001364   0x08001364   0x00000038   Code   RO         3207    i.prvInsertTimerInActiveList  timers.o
    0x0800139c   0x0800139c   0x0000001a   Code   RO         2437    i.prvIsQueueEmpty   queue.o
    0x080013b6   0x080013b6   0x0000004e   Code   RO         2438    i.prvNotifyQueueSetContainer  queue.o
    0x08001404   0x08001404   0x00000040   Code   RO         3208    i.prvProcessExpiredTimer  timers.o
    0x08001444   0x08001444   0x000000e4   Code   RO         3209    i.prvProcessReceivedCommands  timers.o
    0x08001528   0x08001528   0x0000006c   Code   RO         3210    i.prvProcessTimerOrBlockTask  timers.o
    0x08001594   0x08001594   0x00000028   Code   RO         3211    i.prvReloadTimer    timers.o
    0x080015bc   0x080015bc   0x0000001c   Code   RO         2837    i.prvResetNextTaskUnblockTime  tasks.o
    0x080015d8   0x080015d8   0x00000048   Code   RO         3212    i.prvSampleTimeNow  timers.o
    0x08001620   0x08001620   0x00000010   Code   RO         3437    i.prvTaskExitError  port.o
    0x08001630   0x08001630   0x00000028   Code   RO         3213    i.prvTimerTask      timers.o
    0x08001658   0x08001658   0x00000076   Code   RO         2439    i.prvUnlockQueue    queue.o
    0x080016ce   0x080016ce   0x00000002   PAD
    0x080016d0   0x080016d0   0x00000098   Code   RO         3370    i.pvPortMalloc      heap_4.o
    0x08001768   0x08001768   0x0000002c   Code   RO         3438    i.pxPortInitialiseStack  port.o
    0x08001794   0x08001794   0x00000014   Code   RO         2206    i.show_task         show.o
    0x080017a8   0x080017a8   0x00000080   Code   RO            4    i.start_task        main.o
    0x08001828   0x08001828   0x00000020   Code   RO         1980    i.systemInit        system.o
    0x08001848   0x08001848   0x00000026   Code   RO         2387    i.uxListRemove      list.o
    0x0800186e   0x0800186e   0x00000002   PAD
    0x08001870   0x08001870   0x0000000c   Code   RO         2842    i.uxTaskGetNumberOfTasks  tasks.o
    0x0800187c   0x0800187c   0x00000016   Code   RO         2388    i.vListInitialise   list.o
    0x08001892   0x08001892   0x00000006   Code   RO         2389    i.vListInitialiseItem  list.o
    0x08001898   0x08001898   0x00000030   Code   RO         2390    i.vListInsert       list.o
    0x080018c8   0x080018c8   0x00000018   Code   RO         2391    i.vListInsertEnd    list.o
    0x080018e0   0x080018e0   0x00000028   Code   RO         3440    i.vPortEnterCritical  port.o
    0x08001908   0x08001908   0x00000014   Code   RO         3441    i.vPortExitCritical  port.o
    0x0800191c   0x0800191c   0x00000044   Code   RO         3371    i.vPortFree         heap_4.o
    0x08001960   0x08001960   0x00000024   Code   RO         3442    i.vPortSetupTimerInterrupt  port.o
    0x08001984   0x08001984   0x0000003c   Code   RO         2445    i.vQueueAddToRegistry  queue.o
    0x080019c0   0x080019c0   0x00000044   Code   RO         2449    i.vQueueWaitForMessageRestricted  queue.o
    0x08001a04   0x08001a04   0x00000038   Code   RO         2848    i.vTaskDelay        tasks.o
    0x08001a3c   0x08001a3c   0x000000a0   Code   RO         2849    i.vTaskDelete       tasks.o
    0x08001adc   0x08001adc   0x00000010   Code   RO         2853    i.vTaskInternalSetTimeOutState  tasks.o
    0x08001aec   0x08001aec   0x0000000c   Code   RO         2855    i.vTaskMissedYield  tasks.o
    0x08001af8   0x08001af8   0x00000024   Code   RO         2856    i.vTaskPlaceOnEventList  tasks.o
    0x08001b1c   0x08001b1c   0x00000040   Code   RO         2857    i.vTaskPlaceOnEventListRestricted  tasks.o
    0x08001b5c   0x08001b5c   0x00000058   Code   RO         2865    i.vTaskStartScheduler  tasks.o
    0x08001bb4   0x08001bb4   0x00000010   Code   RO         2867    i.vTaskSuspendAll   tasks.o
    0x08001bc4   0x08001bc4   0x00000048   Code   RO         2868    i.vTaskSwitchContext  tasks.o
    0x08001c0c   0x08001c0c   0x0000009c   Code   RO         3444    i.xPortStartScheduler  port.o
    0x08001ca8   0x08001ca8   0x0000002c   Code   RO         3445    i.xPortSysTickHandler  port.o
    0x08001cd4   0x08001cd4   0x00000054   Code   RO         2454    i.xQueueGenericCreate  queue.o
    0x08001d28   0x08001d28   0x00000094   Code   RO         2455    i.xQueueGenericReset  queue.o
    0x08001dbc   0x08001dbc   0x000000f4   Code   RO         2464    i.xQueueReceive     queue.o
    0x08001eb0   0x08001eb0   0x00000058   Code   RO         2870    i.xTaskCheckForTimeOut  tasks.o
    0x08001f08   0x08001f08   0x0000005c   Code   RO         2871    i.xTaskCreate       tasks.o
    0x08001f64   0x08001f64   0x00000058   Code   RO         2872    i.xTaskDelayUntil   tasks.o
    0x08001fbc   0x08001fbc   0x0000001c   Code   RO         2878    i.xTaskGetSchedulerState  tasks.o
    0x08001fd8   0x08001fd8   0x0000000c   Code   RO         2879    i.xTaskGetTickCount  tasks.o
    0x08001fe4   0x08001fe4   0x00000114   Code   RO         2881    i.xTaskIncrementTick  tasks.o
    0x080020f8   0x080020f8   0x00000090   Code   RO         2882    i.xTaskPriorityDisinherit  tasks.o
    0x08002188   0x08002188   0x000000cc   Code   RO         2884    i.xTaskRemoveFromEventList  tasks.o
    0x08002254   0x08002254   0x00000118   Code   RO         2885    i.xTaskResumeAll    tasks.o
    0x0800236c   0x0800236c   0x0000003c   Code   RO         3221    i.xTimerCreateTimerTask  timers.o
    0x080023a8   0x080023a8   0x0000000a   Code   RO         3671    x$fpl$fpinit        fz_wm.l(fpinit.o)
    0x080023b2   0x080023b2   0x00000a64   Data   RO         2128    .constdata          oled.o
    0x08002e16   0x08002e16   0x00000011   Data   RO         3546    .constdata          c_w.l(__printf_flags_wp.o)
    0x08002e27   0x08002e27   0x00000001   PAD
    0x08002e28   0x08002e28   0x00000020   Data   RO         3741    Region$$Table       anon$$obj.o


    Execution Region RW_IRAM1 (Exec base: 0x20000000, Load base: 0x08002e48, Size: 0x00005e48, Max: 0x00020000, ABSOLUTE)

    Exec Addr    Load Addr    Size         Type   Attr      Idx    E Section Name        Object

    0x20000000   0x08002e48   0x00000004   Data   RW            5    .data               main.o
    0x20000004   0x08002e4c   0x00000014   Data   RW          305    .data               system_stm32f4xx.o
    0x20000018   0x08002e60   0x00000008   Data   RW         2009    .data               delay.o
    0x20000020   0x08002e68   0x00000040   Data   RW         2888    .data               tasks.o
    0x20000060   0x08002ea8   0x00000014   Data   RW         3231    .data               timers.o
    0x20000074   0x08002ebc   0x0000001c   Data   RW         3377    .data               heap_4.o
    0x20000090   0x08002ed8   0x0000000c   Data   RW         3446    .data               port.o
    0x2000009c        -       0x00000400   Zero   RW         2127    .bss                oled.o
    0x2000049c        -       0x00000040   Zero   RW         2471    .bss                queue.o
    0x200004dc        -       0x000002e4   Zero   RW         2887    .bss                tasks.o
    0x200007c0        -       0x00000028   Zero   RW         3230    .bss                timers.o
    0x200007e8        -       0x00005000   Zero   RW         3376    .bss                heap_4.o
    0x200057e8        -       0x00000060   Zero   RW         3613    .bss                c_w.l(libspace.o)
    0x20005848        -       0x00000200   Zero   RW          338    HEAP                startup_stm32f40_41xxx.o
    0x20005a48        -       0x00000400   Zero   RW          337    STACK               startup_stm32f40_41xxx.o


==============================================================================

Image component sizes


      Code (inc. data)   RO Data    RW Data    ZI Data      Debug   Object Name

        88         10          0          0          0        964   buzzer.o
       212         20          0          8          0       3149   delay.o
         0          0          0          0          0      14584   event_groups.o
       364         22          0         28      20480       4783   heap_4.o
        92         10          0          0          0       1050   led.o
       138          0          0          0          0       3350   list.o
       184         76          0          4          0     256764   main.o
        44         10          0          0          0       1133   misc.o
       742         42       2660          0       1024       5866   oled.o
       546         60          0         12          0       9932   port.o
       972         18          0          0         64      13631   queue.o
       116         28          0          0          0       1116   show.o
        64         26        392          0       1536        844   startup_stm32f40_41xxx.o
       124          0          0          0          0       1735   stm32f4xx_gpio.o
        12          0          0          0          0       2797   stm32f4xx_it.o
        12          6          0          0          0        550   stm32f4xx_pwr.o
        76         18          0          0          0       1810   stm32f4xx_rcc.o
        32          0          0          0          0        509   system.o
       272         36          0         20          0       1829   system_stm32f4xx.o
      2392        194          0         64        740      34375   tasks.o
       748         82          0         20         40      10874   timers.o

    ----------------------------------------------------------------------
      7242        658       3084        156      23884     371645   Object Totals
         0          0         32          0          0          0   (incl. Generated)
        12          0          0          0          0          0   (incl. Padding)

    ----------------------------------------------------------------------

      Code (inc. data)   RO Data    RW Data    ZI Data      Debug   Library Member Name

         8          0          0          0          0         68   __main.o
       312          4         17          0          0         92   __printf_flags_wp.o
        14          0          0          0          0         68   __printf_wp.o
         0          0          0          0          0          0   __rtentry.o
        12          0          0          0          0          0   __rtentry2.o
         6          0          0          0          0          0   __rtentry4.o
        52          8          0          0          0          0   __scatter.o
        26          0          0          0          0          0   __scatter_copy.o
        28          0          0          0          0          0   __scatter_zi.o
        48          6          0          0          0         96   _printf_char_common.o
         6          0          0          0          0          0   _printf_d.o
       120         16          0          0          0         92   _printf_dec.o
       178          0          0          0          0         88   _printf_intcommon.o
        78          0          0          0          0        108   _printf_pad.o
         0          0          0          0          0          0   _printf_percent.o
         4          0          0          0          0          0   _printf_percent_end.o
        10          0          0          0          0         68   _sputc.o
        16          0          0          0          0         68   aeabi_memset.o
        18          0          0          0          0         80   exit.o
         6          0          0          0          0        152   heapauxi.o
         0          0          0          0          0          0   indicate_semi.o
         2          0          0          0          0          0   libinit.o
         6          0          0          0          0          0   libinit2.o
         2          0          0          0          0          0   libshutdown.o
         2          0          0          0          0          0   libshutdown2.o
         8          4          0          0         96         68   libspace.o
        40          6          0          0          0         84   noretval__2sprintf.o
        68          0          0          0          0         68   rt_memclr.o
        78          0          0          0          0         80   rt_memclr_w.o
       138          0          0          0          0         68   rt_memcpy_v6.o
       100          0          0          0          0         80   rt_memcpy_w.o
         2          0          0          0          0          0   rtexit.o
        10          0          0          0          0          0   rtexit2.o
        12          4          0          0          0         68   sys_exit.o
        74          0          0          0          0         80   sys_stackheap_outer.o
         2          0          0          0          0         68   use_no_semi.o
        10          0          0          0          0        116   fpinit.o

    ----------------------------------------------------------------------
      1504         48         18          0         96       1760   Library Totals
         8          0          1          0          0          0   (incl. Padding)

    ----------------------------------------------------------------------

      Code (inc. data)   RO Data    RW Data    ZI Data      Debug   Library Name

      1486         48         17          0         96       1644   c_w.l
        10          0          0          0          0        116   fz_wm.l

    ----------------------------------------------------------------------
      1504         48         18          0         96       1760   Library Totals

    ----------------------------------------------------------------------

==============================================================================


      Code (inc. data)   RO Data    RW Data    ZI Data      Debug   

      8746        706       3102        156      23980     363473   Grand Totals
      8746        706       3102        156      23980     363473   ELF Image Totals
      8746        706       3102        156          0          0   ROM Totals

==============================================================================

    Total RO  Size (Code + RO Data)                11848 (  11.57kB)
    Total RW  Size (RW Data + ZI Data)             24136 (  23.57kB)
    Total ROM Size (Code + RO Data + RW Data)      12004 (  11.72kB)

==============================================================================

